Archive member included because of file (symbol)

c:/program files (x86)/gnu tools arm embedded/4.8 2014q2/bin/../lib/gcc/arm-none-eabi/4.8.4/armv7e-m\libgcc.a(_arm_addsubdf3.o)
                              ..\obj\ma3_encoder.o (__aeabi_i2d)
c:/program files (x86)/gnu tools arm embedded/4.8 2014q2/bin/../lib/gcc/arm-none-eabi/4.8.4/armv7e-m\libgcc.a(_arm_muldivdf3.o)
                              ..\obj\ma3_encoder.o (__aeabi_ddiv)
c:/program files (x86)/gnu tools arm embedded/4.8 2014q2/bin/../lib/gcc/arm-none-eabi/4.8.4/armv7e-m\libgcc.a(_arm_truncdfsf2.o)
                              ..\obj\ma3_encoder.o (__aeabi_d2f)
c:/program files (x86)/gnu tools arm embedded/4.8 2014q2/bin/../lib/gcc/arm-none-eabi/4.8.4/armv7e-m\libgcc.a(_arm_addsubsf3.o)
                              ..\obj\MS4525.o (__aeabi_fsub)
c:/program files (x86)/gnu tools arm embedded/4.8 2014q2/bin/../lib/gcc/arm-none-eabi/4.8.4/armv7e-m\libgcc.a(_arm_muldivsf3.o)
                              ..\obj\MS4525.o (__aeabi_fmul)
c:/program files (x86)/gnu tools arm embedded/4.8 2014q2/bin/../lib/gcc/arm-none-eabi/4.8.4/armv7e-m\libgcc.a(_arm_fixsfsi.o)
                              ..\obj\MS4525.o (__aeabi_f2iz)
c:/program files (x86)/gnu tools arm embedded/4.8 2014q2/bin/../lib/gcc/arm-none-eabi/4.8.4/../../../../arm-none-eabi/lib/armv7e-m\libc.a(lib_a-printf.o)
                              ..\obj\send_buffer.o (printf)
c:/program files (x86)/gnu tools arm embedded/4.8 2014q2/bin/../lib/gcc/arm-none-eabi/4.8.4/../../../../arm-none-eabi/lib/armv7e-m\libc.a(lib_a-putchar.o)
                              ..\obj\main.o (putchar)
c:/program files (x86)/gnu tools arm embedded/4.8 2014q2/bin/../lib/gcc/arm-none-eabi/4.8.4/../../../../arm-none-eabi/lib/armv7e-m\libc.a(lib_a-puts.o)
                              ..\obj\main.o (puts)
c:/program files (x86)/gnu tools arm embedded/4.8 2014q2/bin/../lib/gcc/arm-none-eabi/4.8.4/../../../../arm-none-eabi/lib/armv7e-m\libc.a(lib_a-strlen.o)
                              c:/program files (x86)/gnu tools arm embedded/4.8 2014q2/bin/../lib/gcc/arm-none-eabi/4.8.4/../../../../arm-none-eabi/lib/armv7e-m\libc.a(lib_a-puts.o) (strlen)
c:/program files (x86)/gnu tools arm embedded/4.8 2014q2/bin/../lib/gcc/arm-none-eabi/4.8.4/../../../../arm-none-eabi/lib/armv7e-m\libc.a(lib_a-vfprintf.o)
                              c:/program files (x86)/gnu tools arm embedded/4.8 2014q2/bin/../lib/gcc/arm-none-eabi/4.8.4/../../../../arm-none-eabi/lib/armv7e-m\libc.a(lib_a-printf.o) (_vfprintf_r)
c:/program files (x86)/gnu tools arm embedded/4.8 2014q2/bin/../lib/gcc/arm-none-eabi/4.8.4/../../../../arm-none-eabi/lib/armv7e-m\libc.a(lib_a-wsetup.o)
                              c:/program files (x86)/gnu tools arm embedded/4.8 2014q2/bin/../lib/gcc/arm-none-eabi/4.8.4/../../../../arm-none-eabi/lib/armv7e-m\libc.a(lib_a-vfprintf.o) (__swsetup_r)
c:/program files (x86)/gnu tools arm embedded/4.8 2014q2/bin/../lib/gcc/arm-none-eabi/4.8.4/../../../../arm-none-eabi/lib/armv7e-m\libc.a(lib_a-dtoa.o)
                              c:/program files (x86)/gnu tools arm embedded/4.8 2014q2/bin/../lib/gcc/arm-none-eabi/4.8.4/../../../../arm-none-eabi/lib/armv7e-m\libc.a(lib_a-vfprintf.o) (_dtoa_r)
c:/program files (x86)/gnu tools arm embedded/4.8 2014q2/bin/../lib/gcc/arm-none-eabi/4.8.4/../../../../arm-none-eabi/lib/armv7e-m\libc.a(lib_a-fflush.o)
                              c:/program files (x86)/gnu tools arm embedded/4.8 2014q2/bin/../lib/gcc/arm-none-eabi/4.8.4/../../../../arm-none-eabi/lib/armv7e-m\libc.a(lib_a-vfprintf.o) (_fflush_r)
c:/program files (x86)/gnu tools arm embedded/4.8 2014q2/bin/../lib/gcc/arm-none-eabi/4.8.4/../../../../arm-none-eabi/lib/armv7e-m\libc.a(lib_a-findfp.o)
                              c:/program files (x86)/gnu tools arm embedded/4.8 2014q2/bin/../lib/gcc/arm-none-eabi/4.8.4/../../../../arm-none-eabi/lib/armv7e-m\libc.a(lib_a-vfprintf.o) (__sinit)
c:/program files (x86)/gnu tools arm embedded/4.8 2014q2/bin/../lib/gcc/arm-none-eabi/4.8.4/../../../../arm-none-eabi/lib/armv7e-m\libc.a(lib_a-freer.o)
                              c:/program files (x86)/gnu tools arm embedded/4.8 2014q2/bin/../lib/gcc/arm-none-eabi/4.8.4/../../../../arm-none-eabi/lib/armv7e-m\libc.a(lib_a-wsetup.o) (_free_r)
c:/program files (x86)/gnu tools arm embedded/4.8 2014q2/bin/../lib/gcc/arm-none-eabi/4.8.4/../../../../arm-none-eabi/lib/armv7e-m\libc.a(lib_a-fvwrite.o)
                              c:/program files (x86)/gnu tools arm embedded/4.8 2014q2/bin/../lib/gcc/arm-none-eabi/4.8.4/../../../../arm-none-eabi/lib/armv7e-m\libc.a(lib_a-puts.o) (__sfvwrite_r)
c:/program files (x86)/gnu tools arm embedded/4.8 2014q2/bin/../lib/gcc/arm-none-eabi/4.8.4/../../../../arm-none-eabi/lib/armv7e-m\libc.a(lib_a-fwalk.o)
[...]
Memory Configuration

Name             Origin             Length             Attributes
rom              0x08000000         0x00100000         xr
ram              0x20000000         0x00020000         xrw
ram1             0x10000000         0x00010000         xrw
*default*        0x00000000         0xffffffff

Linker script and memory map

                0x20020000                _eram = 0x20020000

.text           0x08000000     0x7e54
 *(.isr_vector)
 .isr_vector    0x08000000      0x188 ..\obj\startup_stm32f4xx.o
                0x08000000                g_pfnVectors
 *(.text*)
 .text.TIM2_init
                0x08000188       0x4c ..\obj\my_tim.o
                0x08000188                TIM2_init
 .text.timer_ms
                0x080001d4       0x44 ..\obj\my_tim.o
                0x080001d4                timer_ms
 .text.delay_ms
                0x08000218       0x3c ..\obj\my_tim.o
                0x08000218                delay_ms
 .text._start_ms4525_trans
                0x08000254       0x34 ..\obj\MS4525.o
                0x08000254                _start_ms4525_trans
 .text._get_ms4525_data
                0x08000288      0x164 ..\obj\MS4525.o
                0x08000288                _get_ms4525_data
 .text.USART_Init
                0x080003ec      0x174 ..\obj\stm32f4xx_usart.o
                0x080003ec                USART_Init
 .text.USART_Cmd
                0x08000560       0x40 ..\obj\stm32f4xx_usart.o
                0x08000560                USART_Cmd
 .text.USART_SendData
                0x080005a0       0x24 ..\obj\stm32f4xx_usart.o
                0x080005a0                USART_SendData
 .text.USART_ReceiveData
                0x080005c4       0x20 ..\obj\stm32f4xx_usart.o
                0x080005c4                USART_ReceiveData
 .text.USART_ITConfig
                0x080005e4       0x90 ..\obj\stm32f4xx_usart.o
                0x080005e4                USART_ITConfig
 .text.USART_GetFlagStatus
                0x08000674       0x38 ..\obj\stm32f4xx_usart.o
                0x08000674                USART_GetFlagStatus
 .text.USART_GetITStatus
                0x080006ac       0xb0 ..\obj\stm32f4xx_usart.o
                0x080006ac                USART_GetITStatus
 .text.USART1_init
                0x0800075c       0xb0 ..\obj\my_usart.o
                0x0800075c                USART1_init
 .text.USART1_IRQHandler
                0x0800080c       0xa8 ..\obj\my_usart.o
                0x0800080c                USART1_IRQHandler
 .text.Default_Reset_Handler
                0x080008b4       0x60 ..\obj\startup_stm32f4xx.o
                0x080008b4                Default_Reset_Handler
                0x080008b4                Reset_Handler
 .text.Default_Handler
                0x08000914        0x8 ..\obj\startup_stm32f4xx.o
                0x08000914                RTC_Alarm_IRQHandler
                0x08000914                HASH_RNG_IRQHandler
                0x08000914                EXTI2_IRQHandler
                0x08000914                TIM8_CC_IRQHandler
                0x08000914                DebugMon_Handler
                0x08000914                TIM1_CC_IRQHandler
                0x08000914                DMA2_Stream5_IRQHandler
                0x08000914                HardFault_Handler
                0x08000914                DMA1_Stream5_IRQHandler
                0x08000914                SysTick_Handler
                0x08000914                PVD_IRQHandler
                0x08000914                SDIO_IRQHandler
                0x08000914                TAMP_STAMP_IRQHandler
                0x08000914                PendSV_Handler
                0x08000914                NMI_Handler
                0x08000914                CAN2_RX1_IRQHandler
                0x08000914                EXTI3_IRQHandler
                0x08000914                TIM8_TRG_COM_TIM14_IRQHandler
                0x08000914                TIM1_UP_TIM10_IRQHandler
                0x08000914                TIM8_UP_TIM13_IRQHandler
                0x08000914                I2C3_ER_IRQHandler
                0x08000914                EXTI0_IRQHandler
                0x08000914                I2C2_EV_IRQHandler
                0x08000914                DMA1_Stream2_IRQHandler
                0x08000914                CAN1_RX0_IRQHandler
                0x08000914                FPU_IRQHandler
                0x08000914                OTG_HS_WKUP_IRQHandler
                0x08000914                UsageFault_Handler
                0x08000914                CAN2_SCE_IRQHandler
                0x08000914                DMA2_Stream2_IRQHandler
                0x08000914                SPI1_IRQHandler
                0x08000914                TIM6_DAC_IRQHandler
                0x08000914                TIM1_BRK_TIM9_IRQHandler
                0x08000914                DCMI_IRQHandler
                0x08000914                CAN2_RX0_IRQHandler
                0x08000914                DMA2_Stream3_IRQHandler
                0x08000914                USART6_IRQHandler
                0x08000914                USART3_IRQHandler
                0x08000914                CRYP_IRQHandler
                0x08000914                CAN1_RX1_IRQHandler
                0x08000914                UART5_IRQHandler
                0x08000914                DMA2_Stream0_IRQHandler
                0x08000914                TIM4_IRQHandler
                0x08000914                I2C1_EV_IRQHandler
                0x08000914                DMA1_Stream6_IRQHandler
                0x08000914                DMA1_Stream1_IRQHandler
                0x08000914                UART4_IRQHandler
                0x08000914                RCC_IRQHandler
                0x08000914                TIM8_BRK_TIM12_IRQHandler
                0x08000914                EXTI15_10_IRQHandler
                0x08000914                ADC_IRQHandler
                0x08000914                DMA1_Stream7_IRQHandler
                0x08000914                TIM7_IRQHandler
                0x08000914                CAN2_TX_IRQHandler
                0x08000914                TIM5_IRQHandler
                0x08000914                DMA2_Stream7_IRQHandler
                0x08000914                I2C3_EV_IRQHandler
                0x08000914                EXTI9_5_IRQHandler
                0x08000914                RTC_WKUP_IRQHandler
                0x08000914                ETH_WKUP_IRQHandler
                0x08000914                SPI2_IRQHandler
                0x08000914                OTG_HS_EP1_IN_IRQHandler
                0x08000914                MemManage_Handler
                0x08000914                DMA1_Stream0_IRQHandler
                0x08000914                CAN1_TX_IRQHandler
                0x08000914                SVC_Handler
                0x08000914                EXTI4_IRQHandler
                0x08000914                FSMC_IRQHandler
                0x08000914                ETH_IRQHandler
                0x08000914                OTG_HS_EP1_OUT_IRQHandler
                0x08000914                WWDG_IRQHandler
                0x08000914                TIM2_IRQHandler
                0x08000914                OTG_FS_WKUP_IRQHandler
                0x08000914                TIM1_TRG_COM_TIM11_IRQHandler
                0x08000914                OTG_HS_IRQHandler
                0x08000914                EXTI1_IRQHandler
                0x08000914                USART2_IRQHandler
                0x08000914                I2C2_ER_IRQHandler
                0x08000914                DMA2_Stream1_IRQHandler
                0x08000914                CAN1_SCE_IRQHandler
                0x08000914                FLASH_IRQHandler
                0x08000914                DMA2_Stream4_IRQHandler
                0x08000914                BusFault_Handler
                0x08000914                OTG_FS_IRQHandler
                0x08000914                SPI3_IRQHandler
                0x08000914                DMA1_Stream4_IRQHandler
                0x08000914                I2C1_ER_IRQHandler
                0x08000914                DMA2_Stream6_IRQHandler
                0x08000914                DMA1_Stream3_IRQHandler
 .text.main     0x0800091c       0x78 ..\obj\main.o
                0x0800091c                main
 .text.RCC_GetClocksFreq
                0x08000994      0x154 ..\obj\stm32f4xx_rcc.o
                0x08000994                RCC_GetClocksFreq
 .text.RCC_AHB1PeriphClockCmd
                0x08000ae8       0x3c ..\obj\stm32f4xx_rcc.o
                0x08000ae8                RCC_AHB1PeriphClockCmd
 .text.RCC_APB1PeriphClockCmd
                0x08000b24       0x3c ..\obj\stm32f4xx_rcc.o
                0x08000b24                RCC_APB1PeriphClockCmd
 .text.RCC_APB2PeriphClockCmd
                0x08000b60       0x3c ..\obj\stm32f4xx_rcc.o
                0x08000b60                RCC_APB2PeriphClockCmd
 .text.GPIO_Init
                0x08000b9c      0x11c ..\obj\stm32f4xx_gpio.o
                0x08000b9c                GPIO_Init
 .text.GPIO_PinAFConfig
                0x08000cb8       0x8c ..\obj\stm32f4xx_gpio.o
                0x08000cb8                GPIO_PinAFConfig
 .text.SystemInit
                0x08000d44       0x58 ..\obj\system_stm32f4xx.o
                0x08000d44                SystemInit
 .text.SetSysClock
                0x08000d9c       0xf4 ..\obj\system_stm32f4xx.o
 .text._sbrk    0x08000e90       0x40 ..\obj\syscalls.o
                0x08000e90                _sbrk
 .text._close   0x08000ed0       0x18 ..\obj\syscalls.o
                0x08000ed0                _close
 .text._fstat   0x08000ee8       0x20 ..\obj\syscalls.o
                0x08000ee8                _fstat
 .text._isatty  0x08000f08       0x18 ..\obj\syscalls.o
                0x08000f08                _isatty
 .text._lseek   0x08000f20       0x1c ..\obj\syscalls.o
                0x08000f20                _lseek
 .text._read    0x08000f3c       0x1c ..\obj\syscalls.o
                0x08000f3c                _read
 .text._write   0x08000f58       0x68 ..\obj\syscalls.o
                0x08000f58                _write
 .text.I2C_Init
                0x08000fc0      0x184 ..\obj\stm32f4xx_i2c.o
                0x08000fc0                I2C_Init
 .text.I2C_Cmd  0x08001144       0x40 ..\obj\stm32f4xx_i2c.o
                0x08001144                I2C_Cmd
 .text.I2C_GenerateSTART
                0x08001184       0x40 ..\obj\stm32f4xx_i2c.o
                0x08001184                I2C_GenerateSTART
 .text.I2C_GenerateSTOP
                0x080011c4       0x40 ..\obj\stm32f4xx_i2c.o
                0x080011c4                I2C_GenerateSTOP
 .text.I2C_Send7bitAddress
                0x08001204       0x3c ..\obj\stm32f4xx_i2c.o
                0x08001204                I2C_Send7bitAddress
 .text.I2C_AcknowledgeConfig
                0x08001240       0x40 ..\obj\stm32f4xx_i2c.o
                0x08001240                I2C_AcknowledgeConfig
 .text.I2C_SendData
                0x08001280       0x20 ..\obj\stm32f4xx_i2c.o
                0x08001280                I2C_SendData
 .text.I2C_ReceiveData
                0x080012a0       0x1c ..\obj\stm32f4xx_i2c.o
                0x080012a0                I2C_ReceiveData
 .text.I2C_CheckEvent
                0x080012bc       0x60 ..\obj\stm32f4xx_i2c.o
                0x080012bc                I2C_CheckEvent
 .text.I2C_GetFlagStatus
                0x0800131c       0x68 ..\obj\stm32f4xx_i2c.o
                0x0800131c                I2C_GetFlagStatus
 .text.NVIC_Init
                0x08001384       0xbc ..\obj\misc.o
                0x08001384                NVIC_Init
 .text.I2C1_init
                0x08001440       0x90 ..\obj\my_i2c.o
                0x08001440                I2C1_init
 .text.I2C_start
                0x080014d0       0x88 ..\obj\my_i2c.o
                0x080014d0                I2C_start
 .text.I2C_write
                0x08001558       0x30 ..\obj\my_i2c.o
                0x08001558                I2C_write
 .text.I2C_read_ack
                0x08001588       0x38 ..\obj\my_i2c.o
                0x08001588                I2C_read_ack
 .text.I2C_read_nack
                0x080015c0       0x40 ..\obj\my_i2c.o
                0x080015c0                I2C_read_nack
 .text.I2C_stop
                0x08001600       0x2c ..\obj\my_i2c.o
                0x08001600                I2C_stop
 .text._get_ma3_data
                0x0800162c       0x9c ..\obj\ma3_encoder.o
                0x0800162c                _get_ma3_data
 .text.TIM3_IRQHandler
                0x080016c8       0x80 ..\obj\ma3_encoder.o
                0x080016c8                TIM3_IRQHandler
 .text._ma3_init
                0x08001748       0x4c ..\obj\ma3_encoder.o
                0x08001748                _ma3_init
 .text.initTimers
                0x08001794       0x74 ..\obj\ma3_encoder.o
                0x08001794                initTimers
 .text.initGpio
                0x08001808       0x40 ..\obj\ma3_encoder.o
                0x08001808                initGpio
 .text.tim3ConfigRising
                0x08001848       0x30 ..\obj\ma3_encoder.o
                0x08001848                tim3ConfigRising
 .text.tim3ConfigFalling
                0x08001878       0x30 ..\obj\ma3_encoder.o
                0x08001878                tim3ConfigFalling
 .text._send_buffer_init
                0x080018a8       0x44 ..\obj\send_buffer.o
                0x080018a8                _send_buffer_init
 .text._send_buffer
                0x080018ec       0x90 ..\obj\send_buffer.o
                0x080018ec                _send_buffer
 .text._compose_buffer_8
                0x0800197c       0x48 ..\obj\send_buffer.o
                0x0800197c                _compose_buffer_8
 .text._compose_buffer_16
                0x080019c4       0x5c ..\obj\send_buffer.o
                0x080019c4                _compose_buffer_16
 .text._crc_ibutton_update
                0x08001a20       0x58 ..\obj\send_buffer.o
                0x08001a20                _crc_ibutton_update
 .text.TIM_TimeBaseInit
                0x08001a78       0xd4 ..\obj\stm32f4xx_tim.o
                0x08001a78                TIM_TimeBaseInit
 .text.TIM_TimeBaseStructInit
                0x08001b4c       0x34 ..\obj\stm32f4xx_tim.o
                0x08001b4c                TIM_TimeBaseStructInit
 .text.TIM_Cmd  0x08001b80       0x40 ..\obj\stm32f4xx_tim.o
                0x08001b80                TIM_Cmd
 .text.TIM_ICInit
                0x08001bc0       0xa8 ..\obj\stm32f4xx_tim.o
                0x08001bc0                TIM_ICInit
 .text.TIM_GetCapture1
                0x08001c68       0x18 ..\obj\stm32f4xx_tim.o
                0x08001c68                TIM_GetCapture1
 .text.TIM_SetIC1Prescaler
                0x08001c80       0x38 ..\obj\stm32f4xx_tim.o
                0x08001c80                TIM_SetIC1Prescaler
 .text.TIM_SetIC2Prescaler
                0x08001cb8       0x3c ..\obj\stm32f4xx_tim.o
                0x08001cb8                TIM_SetIC2Prescaler
 .text.TIM_SetIC3Prescaler
                0x08001cf4       0x38 ..\obj\stm32f4xx_tim.o
                0x08001cf4                TIM_SetIC3Prescaler
 .text.TIM_SetIC4Prescaler
                0x08001d2c       0x3c ..\obj\stm32f4xx_tim.o
                0x08001d2c                TIM_SetIC4Prescaler
 .text.TIM_ITConfig
                0x08001d68       0x48 ..\obj\stm32f4xx_tim.o
                0x08001d68                TIM_ITConfig
 .text.TIM_GetFlagStatus
                0x08001db0       0x38 ..\obj\stm32f4xx_tim.o
                0x08001db0                TIM_GetFlagStatus
 .text.TIM_ClearFlag
                0x08001de8       0x20 ..\obj\stm32f4xx_tim.o
                0x08001de8                TIM_ClearFlag
 .text.TIM_GetITStatus
                0x08001e08       0x54 ..\obj\stm32f4xx_tim.o
                0x08001e08                TIM_GetITStatus
 .text.TIM_ClearITPendingBit
                0x08001e5c       0x20 ..\obj\stm32f4xx_tim.o
                0x08001e5c                TIM_ClearITPendingBit
 .text.TI1_Config
                0x08001e7c       0x78 ..\obj\stm32f4xx_tim.o
 .text.TI2_Config
                0x08001ef4       0x8c ..\obj\stm32f4xx_tim.o
 .text.TI3_Config
                0x08001f80       0x84 ..\obj\stm32f4xx_tim.o
 .text.TI4_Config
                0x08002004       0x90 ..\obj\stm32f4xx_tim.o
 .text          0x08002094      0x370 c:/program files (x86)/gnu tools arm embedded/4.8 2014q2/bin/../lib/gcc/arm-none-eabi/4.8.4/armv7e-m\libgcc.a(_arm_addsubdf3.o)
                0x08002094                __aeabi_drsub
                0x0800209c                __aeabi_dsub
                0x0800209c                __subdf3
                0x080020a0                __aeabi_dadd
                0x080020a0                __adddf3
                0x08002318                __floatunsidf
                0x08002318                __aeabi_ui2d
                0x08002338                __floatsidf
                0x08002338                __aeabi_i2d
                0x0800235c                __aeabi_f2d
                0x0800235c                __extendsfdf2
                0x08002398                __floatundidf
                0x08002398                __aeabi_ul2d
                0x080023a8                __floatdidf
                0x080023a8                __aeabi_l2d
 .text          0x08002404      0x424 c:/program files (x86)/gnu tools arm embedded/4.8 2014q2/bin/../lib/gcc/arm-none-eabi/4.8.4/armv7e-m\libgcc.a(_arm_muldivdf3.o)
                0x08002404                __aeabi_dmul
                0x08002404                __muldf3
                0x08002658                __divdf3
                0x08002658                __aeabi_ddiv
 .text          0x08002828       0xa0 c:/program files (x86)/gnu tools arm embedded/4.8 2014q2/bin/../lib/gcc/arm-none-eabi/4.8.4/armv7e-m\libgcc.a(_arm_truncdfsf2.o)
                0x08002828                __truncdfsf2
                0x08002828                __aeabi_d2f
 .text          0x080028c8      0x21c c:/program files (x86)/gnu tools arm embedded/4.8 2014q2/bin/../lib/gcc/arm-none-eabi/4.8.4/armv7e-m\libgcc.a(_arm_addsubsf3.o)
                0x080028c8                __aeabi_frsub
                0x080028d0                __subsf3
                0x080028d0                __aeabi_fsub
                0x080028d4                __aeabi_fadd
                0x080028d4                __addsf3
                0x08002a34                __aeabi_ui2f
                0x08002a34                __floatunsisf
                0x08002a3c                __aeabi_i2f
                0x08002a3c                __floatsisf
                0x08002a58                __aeabi_ul2f
                0x08002a58                __floatundisf
                0x08002a68                __aeabi_l2f
                0x08002a68                __floatdisf
 .text          0x08002ae4      0x2a0 c:/program files (x86)/gnu tools arm embedded/4.8 2014q2/bin/../lib/gcc/arm-none-eabi/4.8.4/armv7e-m\libgcc.a(_arm_muldivsf3.o)
                0x08002ae4                __mulsf3
                0x08002ae4                __aeabi_fmul
                0x08002c4c                __aeabi_fdiv
                0x08002c4c                __divsf3
 .text          0x08002d84       0x4c c:/program files (x86)/gnu tools arm embedded/4.8 2014q2/bin/../lib/gcc/arm-none-eabi/4.8.4/armv7e-m\libgcc.a(_arm_fixsfsi.o)
                0x08002d84                __aeabi_f2iz
                0x08002d84                __fixsfsi
 .text.printf   0x08002dd0       0x28 c:/program files (x86)/gnu tools arm embedded/4.8 2014q2/bin/../lib/gcc/arm-none-eabi/4.8.4/../../../../arm-none-eabi/lib/armv7e-m\libc.a(lib_a-printf.o)
                0x08002dd0                printf
 .text.putchar  0x08002df8       0x14 c:/program files (x86)/gnu tools arm embedded/4.8 2014q2/bin/../lib/gcc/arm-none-eabi/4.8.4/../../../../arm-none-eabi/lib/armv7e-m\libc.a(lib_a-putchar.o)
                0x08002df8                putchar
 .text._puts_r  0x08002e0c       0x5c c:/program files (x86)/gnu tools arm embedded/4.8 2014q2/bin/../lib/gcc/arm-none-eabi/4.8.4/../../../../arm-none-eabi/lib/armv7e-m\libc.a(lib_a-puts.o)
                0x08002e0c                _puts_r
 .text.puts     0x08002e68       0x10 c:/program files (x86)/gnu tools arm embedded/4.8 2014q2/bin/../lib/gcc/arm-none-eabi/4.8.4/../../../../arm-none-eabi/lib/armv7e-m\libc.a(lib_a-puts.o)
                0x08002e68                puts
 .text.strlen   0x08002e78       0x60 c:/program files (x86)/gnu tools arm embedded/4.8 2014q2/bin/../lib/gcc/arm-none-eabi/4.8.4/../../../../arm-none-eabi/lib/armv7e-m\libc.a(lib_a-strlen.o)
                0x08002e78                strlen
 .text._vfprintf_r
                0x08002ed8     0x1544 c:/program files (x86)/gnu tools arm embedded/4.8 2014q2/bin/../lib/gcc/arm-none-eabi/4.8.4/../../../../arm-none-eabi/lib/armv7e-m\libc.a(lib_a-vfprintf.o)
                0x08002ed8                _vfprintf_r
 .text.__sbprintf
                0x0800441c       0x78 c:/program files (x86)/gnu tools arm embedded/4.8 2014q2/bin/../lib/gcc/arm-none-eabi/4.8.4/../../../../arm-none-eabi/lib/armv7e-m\libc.a(lib_a-vfprintf.o)
 .text.__swsetup_r
                0x08004494       0xc4 c:/program files (x86)/gnu tools arm embedded/4.8 2014q2/bin/../lib/gcc/arm-none-eabi/4.8.4/../../../../arm-none-eabi/lib/armv7e-m\libc.a(lib_a-wsetup.o)
                0x08004494                __swsetup_r
 .text.quorem   0x08004558      0x130 c:/program files (x86)/gnu tools arm embedded/4.8 2014q2/bin/../lib/gcc/arm-none-eabi/4.8.4/../../../../arm-none-eabi/lib/armv7e-m\libc.a(lib_a-dtoa.o)
 .text._dtoa_r  0x08004688      0xe38 c:/program files (x86)/gnu tools arm embedded/4.8 2014q2/bin/../lib/gcc/arm-none-eabi/4.8.4/../../../../arm-none-eabi/lib/armv7e-m\libc.a(lib_a-dtoa.o)
                0x08004688                _dtoa_r
 .text.__sflush_r
                0x080054c0      0x154 c:/program files (x86)/gnu tools arm embedded/4.8 2014q2/bin/../lib/gcc/arm-none-eabi/4.8.4/../../../../arm-none-eabi/lib/armv7e-m\libc.a(lib_a-fflush.o)
                0x080054c0                __sflush_r
 .text._fflush_r
                0x08005614       0x2c c:/program files (x86)/gnu tools arm embedded/4.8 2014q2/bin/../lib/gcc/arm-none-eabi/4.8.4/../../../../arm-none-eabi/lib/armv7e-m\libc.a(lib_a-fflush.o)
                0x08005614                _fflush_r
 .text._cleanup_r
                0x08005640        0xc c:/program files (x86)/gnu tools arm embedded/4.8 2014q2/bin/../lib/gcc/arm-none-eabi/4.8.4/../../../../arm-none-eabi/lib/armv7e-m\libc.a(lib_a-findfp.o)
                0x08005640                _cleanup_r
 .text.__sinit  0x0800564c       0xf4 c:/program files (x86)/gnu tools arm embedded/4.8 2014q2/bin/../lib/gcc/arm-none-eabi/4.8.4/../../../../arm-none-eabi/lib/armv7e-m\libc.a(lib_a-findfp.o)
                0x0800564c                __sinit
 .text.__sfp_lock_acquire
                0x08005740        0x4 c:/program files (x86)/gnu tools arm embedded/4.8 2014q2/bin/../lib/gcc/arm-none-eabi/4.8.4/../../../../arm-none-eabi/lib/armv7e-m\libc.a(lib_a-findfp.o)
                0x08005740                __sfp_lock_acquire
 .text.__sfp_lock_release
                0x08005744        0x4 c:/program files (x86)/gnu tools arm embedded/4.8 2014q2/bin/../lib/gcc/arm-none-eabi/4.8.4/../../../../arm-none-eabi/lib/armv7e-m\libc.a(lib_a-findfp.o)
                0x08005744                __sfp_lock_release
 .text._malloc_trim_r
                0x08005748       0x9c c:/program files (x86)/gnu tools arm embedded/4.8 2014q2/bin/../lib/gcc/arm-none-eabi/4.8.4/../../../../arm-none-eabi/lib/armv7e-m\libc.a(lib_a-freer.o)
                0x08005748                _malloc_trim_r
 .text._free_r  0x080057e4      0x19c c:/program files (x86)/gnu tools arm embedded/4.8 2014q2/bin/../lib/gcc/arm-none-eabi/4.8.4/../../../../arm-none-eabi/lib/armv7e-m\libc.a(lib_a-freer.o)
                0x080057e4                _free_r
 .text.__sfvwrite_r
                0x08005980      0x318 c:/program files (x86)/gnu tools arm embedded/4.8 2014q2/bin/../lib/gcc/arm-none-eabi/4.8.4/../../../../arm-none-eabi/lib/armv7e-m\libc.a(lib_a-fvwrite.o)
                0x08005980                __sfvwrite_r
 .text._fwalk   0x08005c98       0x4c c:/program files (x86)/gnu tools arm embedded/4.8 2014q2/bin/../lib/gcc/arm-none-eabi/4.8.4/../../../../arm-none-eabi/lib/armv7e-m\libc.a(lib_a-fwalk.o)
                0x08005c98                _fwalk
 .text.__locale_charset
                0x08005ce4        0x8 c:/program files (x86)/gnu tools arm embedded/4.8 2014q2/bin/../lib/gcc/arm-none-eabi/4.8.4/../../../../arm-none-eabi/lib/armv7e-m\libc.a(lib_a-locale.o)
                0x08005ce4                __locale_charset
 .text.__locale_mb_cur_max
                0x08005cec        0xc c:/program files (x86)/gnu tools arm embedded/4.8 2014q2/bin/../lib/gcc/arm-none-eabi/4.8.4/../../../../arm-none-eabi/lib/armv7e-m\libc.a(lib_a-locale.o)
                0x08005cec                __locale_mb_cur_max
 .text._localeconv_r
                0x08005cf8        0x8 c:/program files (x86)/gnu tools arm embedded/4.8 2014q2/bin/../lib/gcc/arm-none-eabi/4.8.4/../../../../arm-none-eabi/lib/armv7e-m\libc.a(lib_a-locale.o)
                0x08005cf8                _localeconv_r
 .text.__smakebuf_r
                0x08005d00       0xe0 c:/program files (x86)/gnu tools arm embedded/4.8 2014q2/bin/../lib/gcc/arm-none-eabi/4.8.4/../../../../arm-none-eabi/lib/armv7e-m\libc.a(lib_a-makebuf.o)
                0x08005d00                __smakebuf_r
 .text._malloc_r
                0x08005de0      0x538 c:/program files (x86)/gnu tools arm embedded/4.8 2014q2/bin/../lib/gcc/arm-none-eabi/4.8.4/../../../../arm-none-eabi/lib/armv7e-m\libc.a(lib_a-mallocr.o)
                0x08005de0                _malloc_r
 .text.memchr   0x08006318       0x90 c:/program files (x86)/gnu tools arm embedded/4.8 2014q2/bin/../lib/gcc/arm-none-eabi/4.8.4/../../../../arm-none-eabi/lib/armv7e-m\libc.a(lib_a-memchr-stub.o)
                0x08006318                memchr
 .text          0x080063a8      0x134 c:/program files (x86)/gnu tools arm embedded/4.8 2014q2/bin/../lib/gcc/arm-none-eabi/4.8.4/../../../../arm-none-eabi/lib/armv7e-m\libc.a(lib_a-memcpy.o)
                0x080063a8                memcpy
 .text.memmove  0x080064dc       0xc0 c:/program files (x86)/gnu tools arm embedded/4.8 2014q2/bin/../lib/gcc/arm-none-eabi/4.8.4/../../../../arm-none-eabi/lib/armv7e-m\libc.a(lib_a-memmove.o)
                0x080064dc                memmove
 .text.memset   0x0800659c       0x94 c:/program files (x86)/gnu tools arm embedded/4.8 2014q2/bin/../lib/gcc/arm-none-eabi/4.8.4/../../../../arm-none-eabi/lib/armv7e-m\libc.a(lib_a-memset.o)
                0x0800659c                memset
 .text.__malloc_lock
                0x08006630        0x4 c:/program files (x86)/gnu tools arm embedded/4.8 2014q2/bin/../lib/gcc/arm-none-eabi/4.8.4/../../../../arm-none-eabi/lib/armv7e-m\libc.a(lib_a-mlock.o)
                0x08006630                __malloc_lock
 .text.__malloc_unlock
                0x08006634        0x4 c:/program files (x86)/gnu tools arm embedded/4.8 2014q2/bin/../lib/gcc/arm-none-eabi/4.8.4/../../../../arm-none-eabi/lib/armv7e-m\libc.a(lib_a-mlock.o)
                0x08006634                __malloc_unlock
 .text._Balloc  0x08006638       0x4c c:/program files (x86)/gnu tools arm embedded/4.8 2014q2/bin/../lib/gcc/arm-none-eabi/4.8.4/../../../../arm-none-eabi/lib/armv7e-m\libc.a(lib_a-mprec.o)
                0x08006638                _Balloc
 .text._Bfree   0x08006684       0x14 c:/program files (x86)/gnu tools arm embedded/4.8 2014q2/bin/../lib/gcc/arm-none-eabi/4.8.4/../../../../arm-none-eabi/lib/armv7e-m\libc.a(lib_a-mprec.o)
                0x08006684                _Bfree
 .text.__multadd
                0x08006698       0x98 c:/program files (x86)/gnu tools arm embedded/4.8 2014q2/bin/../lib/gcc/arm-none-eabi/4.8.4/../../../../arm-none-eabi/lib/armv7e-m\libc.a(lib_a-mprec.o)
                0x08006698                __multadd
 .text.__hi0bits
                0x08006730       0x40 c:/program files (x86)/gnu tools arm embedded/4.8 2014q2/bin/../lib/gcc/arm-none-eabi/4.8.4/../../../../arm-none-eabi/lib/armv7e-m\libc.a(lib_a-mprec.o)
                0x08006730                __hi0bits
 .text.__lo0bits
                0x08006770       0x5c c:/program files (x86)/gnu tools arm embedded/4.8 2014q2/bin/../lib/gcc/arm-none-eabi/4.8.4/../../../../arm-none-eabi/lib/armv7e-m\libc.a(lib_a-mprec.o)
                0x08006770                __lo0bits
 .text.__i2b    0x080067cc       0x14 c:/program files (x86)/gnu tools arm embedded/4.8 2014q2/bin/../lib/gcc/arm-none-eabi/4.8.4/../../../../arm-none-eabi/lib/armv7e-m\libc.a(lib_a-mprec.o)
                0x080067cc                __i2b
 .text.__multiply
                0x080067e0      0x13c c:/program files (x86)/gnu tools arm embedded/4.8 2014q2/bin/../lib/gcc/arm-none-eabi/4.8.4/../../../../arm-none-eabi/lib/armv7e-m\libc.a(lib_a-mprec.o)
                0x080067e0                __multiply
 .text.__pow5mult
                0x0800691c       0x9c c:/program files (x86)/gnu tools arm embedded/4.8 2014q2/bin/../lib/gcc/arm-none-eabi/4.8.4/../../../../arm-none-eabi/lib/armv7e-m\libc.a(lib_a-mprec.o)
                0x0800691c                __pow5mult
 .text.__lshift
                0x080069b8       0xbc c:/program files (x86)/gnu tools arm embedded/4.8 2014q2/bin/../lib/gcc/arm-none-eabi/4.8.4/../../../../arm-none-eabi/lib/armv7e-m\libc.a(lib_a-mprec.o)
                0x080069b8                __lshift
 .text.__mcmp   0x08006a74       0x48 c:/program files (x86)/gnu tools arm embedded/4.8 2014q2/bin/../lib/gcc/arm-none-eabi/4.8.4/../../../../arm-none-eabi/lib/armv7e-m\libc.a(lib_a-mprec.o)
                0x08006a74                __mcmp
 .text.__mdiff  0x08006abc       0xd4 c:/program files (x86)/gnu tools arm embedded/4.8 2014q2/bin/../lib/gcc/arm-none-eabi/4.8.4/../../../../arm-none-eabi/lib/armv7e-m\libc.a(lib_a-mprec.o)
                0x08006abc                __mdiff
 .text.__d2b    0x08006b90       0xbc c:/program files (x86)/gnu tools arm embedded/4.8 2014q2/bin/../lib/gcc/arm-none-eabi/4.8.4/../../../../arm-none-eabi/lib/armv7e-m\libc.a(lib_a-mprec.o)
                0x08006b90                __d2b
 .text._putc_r  0x08006c4c       0x58 c:/program files (x86)/gnu tools arm embedded/4.8 2014q2/bin/../lib/gcc/arm-none-eabi/4.8.4/../../../../arm-none-eabi/lib/armv7e-m\libc.a(lib_a-putc.o)
                0x08006c4c                _putc_r
 .text._realloc_r
                0x08006ca4      0x3cc c:/program files (x86)/gnu tools arm embedded/4.8 2014q2/bin/../lib/gcc/arm-none-eabi/4.8.4/../../../../arm-none-eabi/lib/armv7e-m\libc.a(lib_a-reallocr.o)
                0x08006ca4                _realloc_r
 .text.__fpclassifyd
                0x08007070       0x50 c:/program files (x86)/gnu tools arm embedded/4.8 2014q2/bin/../lib/gcc/arm-none-eabi/4.8.4/../../../../arm-none-eabi/lib/armv7e-m\libc.a(lib_a-s_fpclassify.o)
                0x08007070                __fpclassifyd
 .text._sbrk_r  0x080070c0       0x24 c:/program files (x86)/gnu tools arm embedded/4.8 2014q2/bin/../lib/gcc/arm-none-eabi/4.8.4/../../../../arm-none-eabi/lib/armv7e-m\libc.a(lib_a-sbrkr.o)
                0x080070c0                _sbrk_r
 .text.__sread  0x080070e4       0x24 c:/program files (x86)/gnu tools arm embedded/4.8 2014q2/bin/../lib/gcc/arm-none-eabi/4.8.4/../../../../arm-none-eabi/lib/armv7e-m\libc.a(lib_a-stdio.o)
                0x080070e4                __sread
 .text.__swrite
                0x08007108       0x38 c:/program files (x86)/gnu tools arm embedded/4.8 2014q2/bin/../lib/gcc/arm-none-eabi/4.8.4/../../../../arm-none-eabi/lib/armv7e-m\libc.a(lib_a-stdio.o)
                0x08007108                __swrite
 .text.__sseek  0x08007140       0x20 c:/program files (x86)/gnu tools arm embedded/4.8 2014q2/bin/../lib/gcc/arm-none-eabi/4.8.4/../../../../arm-none-eabi/lib/armv7e-m\libc.a(lib_a-stdio.o)
                0x08007140                __sseek
 .text.__sclose
                0x08007160        0x8 c:/program files (x86)/gnu tools arm embedded/4.8 2014q2/bin/../lib/gcc/arm-none-eabi/4.8.4/../../../../arm-none-eabi/lib/armv7e-m\libc.a(lib_a-stdio.o)
                0x08007160                __sclose
 .text.__sprint_r.part.0
                0x08007168       0x78 c:/program files (x86)/gnu tools arm embedded/4.8 2014q2/bin/../lib/gcc/arm-none-eabi/4.8.4/../../../../arm-none-eabi/lib/armv7e-m\libc.a(lib_a-vfiprintf.o)
 .text.__sprint_r
                0x080071e0       0x18 c:/program files (x86)/gnu tools arm embedded/4.8 2014q2/bin/../lib/gcc/arm-none-eabi/4.8.4/../../../../arm-none-eabi/lib/armv7e-m\libc.a(lib_a-vfiprintf.o)
                0x080071e0                __sprint_r
 .text.__swbuf_r
                0x080071f8       0xa8 c:/program files (x86)/gnu tools arm embedded/4.8 2014q2/bin/../lib/gcc/arm-none-eabi/4.8.4/../../../../arm-none-eabi/lib/armv7e-m\libc.a(lib_a-wbuf.o)
                0x080071f8                __swbuf_r
 .text._write_r
                0x080072a0       0x28 c:/program files (x86)/gnu tools arm embedded/4.8 2014q2/bin/../lib/gcc/arm-none-eabi/4.8.4/../../../../arm-none-eabi/lib/armv7e-m\libc.a(lib_a-writer.o)
                0x080072a0                _write_r
 .text._calloc_r
                0x080072c8       0x60 c:/program files (x86)/gnu tools arm embedded/4.8 2014q2/bin/../lib/gcc/arm-none-eabi/4.8.4/../../../../arm-none-eabi/lib/armv7e-m\libc.a(lib_a-callocr.o)
                0x080072c8                _calloc_r
 .text._close_r
                0x08007328       0x24 c:/program files (x86)/gnu tools arm embedded/4.8 2014q2/bin/../lib/gcc/arm-none-eabi/4.8.4/../../../../arm-none-eabi/lib/armv7e-m\libc.a(lib_a-closer.o)
                0x08007328                _close_r
 .text._fclose_r
                0x0800734c       0x80 c:/program files (x86)/gnu tools arm embedded/4.8 2014q2/bin/../lib/gcc/arm-none-eabi/4.8.4/../../../../arm-none-eabi/lib/armv7e-m\libc.a(lib_a-fclose.o)
                0x0800734c                _fclose_r
 .text.fclose   0x080073cc       0x10 c:/program files (x86)/gnu tools arm embedded/4.8 2014q2/bin/../lib/gcc/arm-none-eabi/4.8.4/../../../../arm-none-eabi/lib/armv7e-m\libc.a(lib_a-fclose.o)
                0x080073cc                fclose
 .text._fputwc_r
                0x080073dc       0xbc c:/program files (x86)/gnu tools arm embedded/4.8 2014q2/bin/../lib/gcc/arm-none-eabi/4.8.4/../../../../arm-none-eabi/lib/armv7e-m\libc.a(lib_a-fputwc.o)
                0x080073dc                _fputwc_r
 .text._fstat_r
                0x08007498       0x28 c:/program files (x86)/gnu tools arm embedded/4.8 2014q2/bin/../lib/gcc/arm-none-eabi/4.8.4/../../../../arm-none-eabi/lib/armv7e-m\libc.a(lib_a-fstatr.o)
                0x08007498                _fstat_r
 .text._isatty_r
                0x080074c0       0x24 c:/program files (x86)/gnu tools arm embedded/4.8 2014q2/bin/../lib/gcc/arm-none-eabi/4.8.4/../../../../arm-none-eabi/lib/armv7e-m\libc.a(lib_a-isattyr.o)
                0x080074c0                _isatty_r
 .text._lseek_r
                0x080074e4       0x28 c:/program files (x86)/gnu tools arm embedded/4.8 2014q2/bin/../lib/gcc/arm-none-eabi/4.8.4/../../../../arm-none-eabi/lib/armv7e-m\libc.a(lib_a-lseekr.o)
                0x080074e4                _lseek_r
 .text._read_r  0x0800750c       0x28 c:/program files (x86)/gnu tools arm embedded/4.8 2014q2/bin/../lib/gcc/arm-none-eabi/4.8.4/../../../../arm-none-eabi/lib/armv7e-m\libc.a(lib_a-readr.o)
                0x0800750c                _read_r
 .text._wcrtomb_r
                0x08007534       0x50 c:/program files (x86)/gnu tools arm embedded/4.8 2014q2/bin/../lib/gcc/arm-none-eabi/4.8.4/../../../../arm-none-eabi/lib/armv7e-m\libc.a(lib_a-wcrtomb.o)
                0x08007534                _wcrtomb_r
 .text.__ascii_wctomb
                0x08007584       0x1c c:/program files (x86)/gnu tools arm embedded/4.8 2014q2/bin/../lib/gcc/arm-none-eabi/4.8.4/../../../../arm-none-eabi/lib/armv7e-m\libc.a(lib_a-wctomb_r.o)
                0x08007584                __ascii_wctomb
 .text          0x080075a0      0x110 c:/program files (x86)/gnu tools arm embedded/4.8 2014q2/bin/../lib/gcc/arm-none-eabi/4.8.4/armv7e-m\libgcc.a(_arm_cmpdf2.o)
                0x080075a0                __gtdf2
                0x080075a0                __gedf2
                0x080075a8                __ltdf2
                0x080075a8                __ledf2
                0x080075b0                __nedf2
                0x080075b0                __eqdf2
                0x080075b0                __cmpdf2
                0x0800762c                __aeabi_cdrcmple
                0x0800763c                __aeabi_cdcmpeq
                0x0800763c                __aeabi_cdcmple
                0x0800764c                __aeabi_dcmpeq
                0x08007660                __aeabi_dcmplt
                0x08007674                __aeabi_dcmple
                0x08007688                __aeabi_dcmpge
                0x0800769c                __aeabi_dcmpgt
 .text          0x080076b0       0x50 c:/program files (x86)/gnu tools arm embedded/4.8 2014q2/bin/../lib/gcc/arm-none-eabi/4.8.4/armv7e-m\libgcc.a(_arm_fixdfsi.o)
                0x080076b0                __aeabi_d2iz
                0x080076b0                __fixdfsi
 .text          0x08007700       0x2c c:/program files (x86)/gnu tools arm embedded/4.8 2014q2/bin/../lib/gcc/arm-none-eabi/4.8.4/armv7e-m\libgcc.a(_aeabi_uldivmod.o)
                0x08007700                __aeabi_uldivmod
 .text          0x0800772c       0x60 c:/program files (x86)/gnu tools arm embedded/4.8 2014q2/bin/../lib/gcc/arm-none-eabi/4.8.4/armv7e-m\libgcc.a(bpabi.o)
                0x0800772c                __gnu_ldivmod_helper
                0x0800775c                __gnu_uldivmod_helper
 .text          0x0800778c        0x4 c:/program files (x86)/gnu tools arm embedded/4.8 2014q2/bin/../lib/gcc/arm-none-eabi/4.8.4/armv7e-m\libgcc.a(_dvmd_tls.o)
                0x0800778c                __aeabi_idiv0
                0x0800778c                __aeabi_ldiv0
 .text          0x08007790      0x298 c:/program files (x86)/gnu tools arm embedded/4.8 2014q2/bin/../lib/gcc/arm-none-eabi/4.8.4/armv7e-m\libgcc.a(_divdi3.o)
                0x08007790                __divdi3
 .text          0x08007a28      0x284 c:/program files (x86)/gnu tools arm embedded/4.8 2014q2/bin/../lib/gcc/arm-none-eabi/4.8.4/armv7e-m\libgcc.a(_udivdi3.o)
                0x08007a28                __udivdi3
 *(.init)
 *(.fini)
 *crtbegin.o(.ctors)
 *crtbegin?.o(.ctors)
 *(EXCLUDE_FILE(*crtend.o *crtend?.o) .ctors)
 *(SORT(.ctors.*))
 *(.ctors)
 *crtbegin.o(.dtors)
 *crtbegin?.o(.dtors)
 *(EXCLUDE_FILE(*crtend.o *crtend?.o) .dtors)
 *(SORT(.dtors.*))
 *(.dtors)
 *(.rodata*)
 .rodata        0x08007cac       0x20 ..\obj\main.o
 .rodata        0x08007ccc        0x4 ..\obj\send_buffer.o
 .rodata.str1.4
                0x08007cd0        0x2 c:/program files (x86)/gnu tools arm embedded/4.8 2014q2/bin/../lib/gcc/arm-none-eabi/4.8.4/../../../../arm-none-eabi/lib/armv7e-m\libc.a(lib_a-puts.o)
                                  0x4 (size before relaxing)
 *fill*         0x08007cd2        0x2 
 .rodata.blanks.6777
                0x08007cd4       0x10 c:/program files (x86)/gnu tools arm embedded/4.8 2014q2/bin/../lib/gcc/arm-none-eabi/4.8.4/../../../../arm-none-eabi/lib/armv7e-m\libc.a(lib_a-vfprintf.o)
 .rodata.str1.4
                0x08007ce4       0x42 c:/program files (x86)/gnu tools arm embedded/4.8 2014q2/bin/../lib/gcc/arm-none-eabi/4.8.4/../../../../arm-none-eabi/lib/armv7e-m\libc.a(lib_a-vfprintf.o)
                                 0x44 (size before relaxing)
 *fill*         0x08007d26        0x2 
 .rodata.zeroes.6778
                0x08007d28       0x10 c:/program files (x86)/gnu tools arm embedded/4.8 2014q2/bin/../lib/gcc/arm-none-eabi/4.8.4/../../../../arm-none-eabi/lib/armv7e-m\libc.a(lib_a-vfprintf.o)
 .rodata.str1.4
                0x08007d38       0x10 c:/program files (x86)/gnu tools arm embedded/4.8 2014q2/bin/../lib/gcc/arm-none-eabi/4.8.4/../../../../arm-none-eabi/lib/armv7e-m\libc.a(lib_a-dtoa.o)
                                 0x14 (size before relaxing)
 .rodata.str1.4
                0x08007d48        0x2 c:/program files (x86)/gnu tools arm embedded/4.8 2014q2/bin/../lib/gcc/arm-none-eabi/4.8.4/../../../../arm-none-eabi/lib/armv7e-m\libc.a(lib_a-impure.o)
                                  0x4 (size before relaxing)
 *fill*         0x08007d4a        0x2 
 .rodata.str1.4
                0x08007d4c        0xc c:/program files (x86)/gnu tools arm embedded/4.8 2014q2/bin/../lib/gcc/arm-none-eabi/4.8.4/../../../../arm-none-eabi/lib/armv7e-m\libc.a(lib_a-locale.o)
                                 0x14 (size before relaxing)
 .rodata.__mprec_tens
                0x08007d58       0xc8 c:/program files (x86)/gnu tools arm embedded/4.8 2014q2/bin/../lib/gcc/arm-none-eabi/4.8.4/../../../../arm-none-eabi/lib/armv7e-m\libc.a(lib_a-mprec.o)
                0x08007d58                __mprec_tens
 .rodata.__mprec_bigtens
                0x08007e20       0x28 c:/program files (x86)/gnu tools arm embedded/4.8 2014q2/bin/../lib/gcc/arm-none-eabi/4.8.4/../../../../arm-none-eabi/lib/armv7e-m\libc.a(lib_a-mprec.o)
                0x08007e20                __mprec_bigtens
 .rodata.p05.5269
                0x08007e48        0xc c:/program files (x86)/gnu tools arm embedded/4.8 2014q2/bin/../lib/gcc/arm-none-eabi/4.8.4/../../../../arm-none-eabi/lib/armv7e-m\libc.a(lib_a-mprec.o)
 *(.eh_fram e*)

.glue_7         0x08007e54        0x0
 .glue_7        0x00000000        0x0 linker stubs

.glue_7t        0x08007e54        0x0
 .glue_7t       0x00000000        0x0 linker stubs

.vfp11_veneer   0x08007e54        0x0
 .vfp11_veneer  0x00000000        0x0 linker stubs

.v4_bx          0x08007e54        0x0
 .v4_bx         0x00000000        0x0 linker stubs

.iplt           0x08007e54        0x0
 .iplt          0x00000000        0x0 ..\obj\my_tim.o

.ARM.extab
 *(.ARM.extab* .gnu.linkonce.armextab.*)
                0x08007e54                __exidx_start = .

.ARM.exidx      0x08007e54        0x8
 *(.ARM.exidx* .gnu.linkonce.armexidx.*)
 .ARM.exidx     0x08007e54        0x8 c:/program files (x86)/gnu tools arm embedded/4.8 2014q2/bin/../lib/gcc/arm-none-eabi/4.8.4/armv7e-m\libgcc.a(_divdi3.o)
 .ARM.exidx     0x08007e5c        0x0 c:/program files (x86)/gnu tools arm embedded/4.8 2014q2/bin/../lib/gcc/arm-none-eabi/4.8.4/armv7e-m\libgcc.a(_udivdi3.o)
                                  0x8 (size before relaxing)
                0x08007e5c                __exidx_end = .
                0x08007e5c                __etext = .
                0x08007e5c                _sidata = __etext

.rel.dyn        0x08007e5c        0x0
 .rel.iplt      0x00000000        0x0 ..\obj\my_tim.o

.data           0x20000000      0x8b4 load address 0x08007e5c
                0x20000000                __data_start__ = .
                0x20000000                _sdata = __data_start__
 *(vtable)
 *(.data*)
 .data          0x20000000        0x1 ..\obj\main.o
                0x20000000                buffer_number
 *fill*         0x20000001        0x3 
 .data          0x20000004       0x10 ..\obj\stm32f4xx_rcc.o
 *fill*         0x20000014        0x4 
 .data.impure_data
                0x20000018      0x428 c:/program files (x86)/gnu tools arm embedded/4.8 2014q2/bin/../lib/gcc/arm-none-eabi/4.8.4/../../../../arm-none-eabi/lib/armv7e-m\libc.a(lib_a-impure.o)
 .data._impure_ptr
                0x20000440        0x4 c:/program files (x86)/gnu tools arm embedded/4.8 2014q2/bin/../lib/gcc/arm-none-eabi/4.8.4/../../../../arm-none-eabi/lib/armv7e-m\libc.a(lib_a-impure.o)
                0x20000440                _impure_ptr
 .data.lconv    0x20000444       0x38 c:/program files (x86)/gnu tools arm embedded/4.8 2014q2/bin/../lib/gcc/arm-none-eabi/4.8.4/../../../../arm-none-eabi/lib/armv7e-m\libc.a(lib_a-locale.o)
 .data.lc_ctype_charset
                0x2000047c       0x20 c:/program files (x86)/gnu tools arm embedded/4.8 2014q2/bin/../lib/gcc/arm-none-eabi/4.8.4/../../../../arm-none-eabi/lib/armv7e-m\libc.a(lib_a-locale.o)
 .data.__mb_cur_max
                0x2000049c        0x4 c:/program files (x86)/gnu tools arm embedded/4.8 2014q2/bin/../lib/gcc/arm-none-eabi/4.8.4/../../../../arm-none-eabi/lib/armv7e-m\libc.a(lib_a-locale.o)
                0x2000049c                __mb_cur_max
 .data.__malloc_av_
                0x200004a0      0x408 c:/program files (x86)/gnu tools arm embedded/4.8 2014q2/bin/../lib/gcc/arm-none-eabi/4.8.4/../../../../arm-none-eabi/lib/armv7e-m\libc.a(lib_a-mallocr.o)
                0x200004a0                __malloc_av_
 .data.__malloc_trim_threshold
                0x200008a8        0x4 c:/program files (x86)/gnu tools arm embedded/4.8 2014q2/bin/../lib/gcc/arm-none-eabi/4.8.4/../../../../arm-none-eabi/lib/armv7e-m\libc.a(lib_a-mallocr.o)
                0x200008a8                __malloc_trim_threshold
 .data.__malloc_sbrk_base
                0x200008ac        0x4 c:/program files (x86)/gnu tools arm embedded/4.8 2014q2/bin/../lib/gcc/arm-none-eabi/4.8.4/../../../../arm-none-eabi/lib/armv7e-m\libc.a(lib_a-mallocr.o)
                0x200008ac                __malloc_sbrk_base
 .data.__wctomb
                0x200008b0        0x4 c:/program files (x86)/gnu tools arm embedded/4.8 2014q2/bin/../lib/gcc/arm-none-eabi/4.8.4/../../../../arm-none-eabi/lib/armv7e-m\libc.a(lib_a-wctomb_r.o)
                0x200008b0                __wctomb
                0x200008b4                . = ALIGN (0x4)
                0x200008b4                PROVIDE (__preinit_array_start, .)
 *(.preinit_array)
                0x200008b4                PROVIDE (__preinit_array_end, .)
                0x200008b4                . = ALIGN (0x4)
                0x200008b4                PROVIDE (__init_array_start, .)
 *(SORT(.init_array.*))
 *(.init_array)
                0x200008b4                PROVIDE (__init_array_end, .)
                0x200008b4                . = ALIGN (0x4)
                0x200008b4                PROVIDE (__fini_array_start, .)
 *(SORT(.fini_array.*))
 *(.fini_array)
                0x200008b4                PROVIDE (__fini_array_end, .)
 *(.jcr*)
                0x200008b4                . = ALIGN (0x4)
                0x200008b4                __data_end__ = .
                0x200008b4                _edata = __data_end__

.igot.plt       0x200008b4        0x0 load address 0x08008710
 .igot.plt      0x00000000        0x0 ..\obj\my_tim.o

.bss            0x200008b4      0x184 load address 0x08008710
                0x200008b4                . = ALIGN (0x4)
                0x200008b4                __bss_start__ = .
                0x200008b4                _sbss = __bss_start__
 *(.bss*)
 .bss           0x200008b4        0x4 ..\obj\syscalls.o
 .bss.__malloc_max_total_mem
                0x200008b8        0x4 c:/program files (x86)/gnu tools arm embedded/4.8 2014q2/bin/../lib/gcc/arm-none-eabi/4.8.4/../../../../arm-none-eabi/lib/armv7e-m\libc.a(lib_a-mallocr.o)
                0x200008b8                __malloc_max_total_mem
 .bss.__malloc_max_sbrked_mem
                0x200008bc        0x4 c:/program files (x86)/gnu tools arm embedded/4.8 2014q2/bin/../lib/gcc/arm-none-eabi/4.8.4/../../../../arm-none-eabi/lib/armv7e-m\libc.a(lib_a-mallocr.o)
                0x200008bc                __malloc_max_sbrked_mem
 .bss.__malloc_top_pad
                0x200008c0        0x4 c:/program files (x86)/gnu tools arm embedded/4.8 2014q2/bin/../lib/gcc/arm-none-eabi/4.8.4/../../../../arm-none-eabi/lib/armv7e-m\libc.a(lib_a-mallocr.o)
                0x200008c0                __malloc_top_pad
 .bss.__malloc_current_mallinfo
                0x200008c4       0x28 c:/program files (x86)/gnu tools arm embedded/4.8 2014q2/bin/../lib/gcc/arm-none-eabi/4.8.4/../../../../arm-none-eabi/lib/armv7e-m\libc.a(lib_a-mallocr.o)
                0x200008c4                __malloc_current_mallinfo
 *(COMMON)
 COMMON         0x200008ec       0x11 ..\obj\MS4525.o
                0x200008ec                ms4525_press_PSI
                0x200008f0                ms4525_pressure_PAS
                0x200008f4                ms4525_temp
                0x200008f6                ms4525_pressure
                0x200008f8                received_data
                0x200008fc                ms4525_status
 *fill*         0x200008fd        0x3 
 COMMON         0x20000900      0x105 ..\obj\my_usart.o
                0x20000900                U1_RxBuffer
                0x20000980                U1_TxBusy
                0x20000981                U1_TxIndex
                0x20000982                U1_RxIndex
                0x20000984                U1_TxBuffer
                0x20000a04                U1_TxLeft
 *fill*         0x20000a05        0x3 
 COMMON         0x20000a08       0x29 ..\obj\main.o
                0x20000a08                sequence
                0x20000a0a                ma3_capture
                0x20000a0c                dataCaptureReady
                0x20000a0e                IC3ReadValue1
                0x20000a10                ma3_capture_angle
                0x20000a14                CaptureNumber
                0x20000a16                buf_size
                0x20000a18                IC3ReadValue2
                0x20000a1c                data_buffer
                0x20000a30                stack_position
 *fill*         0x20000a31        0x3 
 COMMON         0x20000a34        0x4 c:/program files (x86)/gnu tools arm embedded/4.8 2014q2/bin/../lib/gcc/arm-none-eabi/4.8.4/../../../../arm-none-eabi/lib/armv7e-m\libc.a(lib_a-reent.o)
                0x20000a34                errno
                0x20000a38                . = ALIGN (0x4)
                0x20000a38                __bss_end__ = .
                0x20000a38                _ebss = __bss_end__

.heap           0x20000a38        0x0
                0x20000a38                __end__ = .
                0x20000a38                _end = __end__
                0x20000a38                end = __end__
 *(.heap*)
                0x20000a38                __HeapLimit = .

.co_stack       0x20000a38     0x1000 load address 0x08008894
                0x20000a38                . = ALIGN (0x8)
 *(.co_stack .co_stack.*)
 .co_stack      0x20000a38     0x1000 ..\obj\startup_stm32f4xx.o
                0x20000a38                pulStack
                0x20020000                __StackTop = (ORIGIN (ram) + 0x20000)
                0x2001f000                __StackLimit = (__StackTop - SIZEOF (.co_stack))
                0x20020000                PROVIDE (__stack, __StackTop)
                0x00000001                ASSERT ((__StackLimit >= __HeapLimit), region ram  overflowed with stack)
LOAD ..\obj\my_tim.o
LOAD ..\obj\MS4525.o
LOAD ..\obj\stm32f4xx_usart.o
LOAD ..\obj\my_usart.o
LOAD ..\obj\startup_stm32f4xx.o
LOAD ..\obj\main.o
LOAD ..\obj\stm32f4xx_rcc.o
LOAD ..\obj\stm32f4xx_gpio.o
LOAD ..\obj\system_stm32f4xx.o
LOAD ..\obj\syscalls.o
LOAD ..\obj\stm32f4xx_i2c.o
LOAD ..\obj\misc.o
LOAD ..\obj\my_i2c.o
LOAD ..\obj\ma3_encoder.o
LOAD ..\obj\send_buffer.o
LOAD ..\obj\stm32f4xx_tim.o
LOAD c:/program files (x86)/gnu tools arm embedded/4.8 2014q2/bin/../lib/gcc/arm-none-eabi/4.8.4/../../../../arm-none-eabi/lib/armv7e-m\libm.a
LOAD c:/program files (x86)/gnu tools arm embedded/4.8 2014q2/bin/../lib/gcc/arm-none-eabi/4.8.4/armv7e-m\libgcc.a
LOAD c:/program files (x86)/gnu tools arm embedded/4.8 2014q2/bin/../lib/gcc/arm-none-eabi/4.8.4/../../../../arm-none-eabi/lib/armv7e-m\libc.a
START GROUP
LOAD c:/program files (x86)/gnu tools arm embedded/4.8 2014q2/bin/../lib/gcc/arm-none-eabi/4.8.4/armv7e-m\libgcc.a
LOAD c:/program files (x86)/gnu tools arm embedded/4.8 2014q2/bin/../lib/gcc/arm-none-eabi/4.8.4/../../../../arm-none-eabi/lib/armv7e-m\libg.a
LOAD c:/program files (x86)/gnu tools arm embedded/4.8 2014q2/bin/../lib/gcc/arm-none-eabi/4.8.4/../../../../arm-none-eabi/lib/armv7e-m\libc.a
END GROUP
OUTPUT(Final.elf elf32-littlearm)

.debug_info     0x00000000     0x769f
 .debug_info    0x00000000      0x426 ..\obj\my_tim.o
 .debug_info    0x00000426      0x2d1 ..\obj\MS4525.o
 .debug_info    0x000006f7      0x9c2 ..\obj\stm32f4xx_usart.o
 .debug_info    0x000010b9      0x7b2 ..\obj\my_usart.o
 .debug_info    0x0000186b       0xed ..\obj\startup_stm32f4xx.o
 .debug_info    0x00001958      0x2bc ..\obj\main.o
 .debug_info    0x00001c14      0xc4d ..\obj\stm32f4xx_rcc.o
 .debug_info    0x00002861      0x602 ..\obj\stm32f4xx_gpio.o
 .debug_info    0x00002e63      0x592 ..\obj\system_stm32f4xx.o
 .debug_info    0x000033f5      0x534 ..\obj\syscalls.o
 .debug_info    0x00003929      0xaf4 ..\obj\stm32f4xx_i2c.o
 .debug_info    0x0000441d      0x53d ..\obj\misc.o
 .debug_info    0x0000495a      0x528 ..\obj\my_i2c.o
 .debug_info    0x00004e82      0x967 ..\obj\ma3_encoder.o
 .debug_info    0x000057e9      0x255 ..\obj\send_buffer.o
 .debug_info    0x00005a3e     0x1c61 ..\obj\stm32f4xx_tim.o

.debug_abbrev   0x00000000     0x13f8
 .debug_abbrev  0x00000000      0x114 ..\obj\my_tim.o
 .debug_abbrev  0x00000114       0xc9 ..\obj\MS4525.o
 .debug_abbrev  0x000001dd      0x155 ..\obj\stm32f4xx_usart.o
 .debug_abbrev  0x00000332      0x167 ..\obj\my_usart.o
 .debug_abbrev  0x00000499       0xb0 ..\obj\startup_stm32f4xx.o
 .debug_abbrev  0x00000549       0xa4 ..\obj\main.o
 .debug_abbrev  0x000005ed      0x1e3 ..\obj\stm32f4xx_rcc.o
 .debug_abbrev  0x000007d0      0x1a3 ..\obj\stm32f4xx_gpio.o
 .debug_abbrev  0x00000973      0x136 ..\obj\system_stm32f4xx.o
 .debug_abbrev  0x00000aa9      0x16d ..\obj\syscalls.o
 .debug_abbrev  0x00000c16      0x164 ..\obj\stm32f4xx_i2c.o
 .debug_abbrev  0x00000d7a      0x145 ..\obj\misc.o
 .debug_abbrev  0x00000ebf      0x14b ..\obj\my_i2c.o
 .debug_abbrev  0x0000100a      0x140 ..\obj\ma3_encoder.o
 .debug_abbrev  0x0000114a      0x127 ..\obj\send_buffer.o
 .debug_abbrev  0x00001271      0x187 ..\obj\stm32f4xx_tim.o

.debug_aranges  0x00000000      0x9a8
 .debug_aranges
                0x00000000       0x30 ..\obj\my_tim.o
 .debug_aranges
                0x00000030       0x28 ..\obj\MS4525.o
 .debug_aranges
                0x00000058      0x100 ..\obj\stm32f4xx_usart.o
 .debug_aranges
                0x00000158       0x40 ..\obj\my_usart.o
 .debug_aranges
                0x00000198       0x28 ..\obj\startup_stm32f4xx.o
 .debug_aranges
                0x000001c0       0x20 ..\obj\main.o
 .debug_aranges
                0x000001e0      0x178 ..\obj\stm32f4xx_rcc.o
 .debug_aranges
                0x00000358       0x88 ..\obj\stm32f4xx_gpio.o
 .debug_aranges
                0x000003e0       0x30 ..\obj\system_stm32f4xx.o
 .debug_aranges
                0x00000410       0x60 ..\obj\syscalls.o
 .debug_aranges
                0x00000470      0x120 ..\obj\stm32f4xx_i2c.o
 .debug_aranges
                0x00000590       0x40 ..\obj\misc.o
 .debug_aranges
                0x000005d0       0x48 ..\obj\my_i2c.o
 .debug_aranges
                0x00000618       0x50 ..\obj\ma3_encoder.o
 .debug_aranges
                0x00000668       0x48 ..\obj\send_buffer.o
 .debug_aranges
                0x000006b0      0x2f8 ..\obj\stm32f4xx_tim.o

.debug_ranges   0x00000000      0x8a8
 .debug_ranges  0x00000000       0x20 ..\obj\my_tim.o
 .debug_ranges  0x00000020       0x18 ..\obj\MS4525.o
 .debug_ranges  0x00000038       0xf0 ..\obj\stm32f4xx_usart.o
 .debug_ranges  0x00000128       0x30 ..\obj\my_usart.o
 .debug_ranges  0x00000158       0x18 ..\obj\startup_stm32f4xx.o
 .debug_ranges  0x00000170       0x10 ..\obj\main.o
 .debug_ranges  0x00000180      0x168 ..\obj\stm32f4xx_rcc.o
 .debug_ranges  0x000002e8       0x78 ..\obj\stm32f4xx_gpio.o
 .debug_ranges  0x00000360       0x20 ..\obj\system_stm32f4xx.o
 .debug_ranges  0x00000380       0x50 ..\obj\syscalls.o
 .debug_ranges  0x000003d0      0x110 ..\obj\stm32f4xx_i2c.o
 .debug_ranges  0x000004e0       0x30 ..\obj\misc.o
 .debug_ranges  0x00000510       0x38 ..\obj\my_i2c.o
 .debug_ranges  0x00000548       0x40 ..\obj\ma3_encoder.o
 .debug_ranges  0x00000588       0x38 ..\obj\send_buffer.o
 .debug_ranges  0x000005c0      0x2e8 ..\obj\stm32f4xx_tim.o

.debug_line     0x00000000     0x361c
 .debug_line    0x00000000      0x251 ..\obj\my_tim.o
 .debug_line    0x00000251      0x1e6 ..\obj\MS4525.o
 .debug_line    0x00000437      0x4b5 ..\obj\stm32f4xx_usart.o
 .debug_line    0x000008ec      0x2c5 ..\obj\my_usart.o
 .debug_line    0x00000bb1       0xa3 ..\obj\startup_stm32f4xx.o
 .debug_line    0x00000c54      0x2a7 ..\obj\main.o
 .debug_line    0x00000efb      0x5ad ..\obj\stm32f4xx_rcc.o
 .debug_line    0x000014a8      0x352 ..\obj\stm32f4xx_gpio.o
 .debug_line    0x000017fa      0x1f8 ..\obj\system_stm32f4xx.o
 .debug_line    0x000019f2      0x2e0 ..\obj\syscalls.o
 .debug_line    0x00001cd2      0x4ee ..\obj\stm32f4xx_i2c.o
 .debug_line    0x000021c0      0x258 ..\obj\misc.o
 .debug_line    0x00002418      0x2c6 ..\obj\my_i2c.o
 .debug_line    0x000026de      0x2e8 ..\obj\ma3_encoder.o
 .debug_line    0x000029c6      0x1de ..\obj\send_buffer.o
 .debug_line    0x00002ba4      0xa78 ..\obj\stm32f4xx_tim.o

.debug_str      0x00000000     0x2e15
 .debug_str     0x00000000      0x339 ..\obj\my_tim.o
                                0x395 (size before relaxing)
 .debug_str     0x00000339      0x101 ..\obj\MS4525.o
                                0x2ce (size before relaxing)
 .debug_str     0x0000043a      0x462 ..\obj\stm32f4xx_usart.o
                                0x699 (size before relaxing)
 .debug_str     0x0000089c      0x812 ..\obj\my_usart.o
                                0xa73 (size before relaxing)
 .debug_str     0x000010ae       0xb1 ..\obj\startup_stm32f4xx.o
                                0x151 (size before relaxing)
 .debug_str     0x0000115f      0x107 ..\obj\main.o
                                0x312 (size before relaxing)
 .debug_str     0x00001266      0x5d9 ..\obj\stm32f4xx_rcc.o
                                0x85a (size before relaxing)
 .debug_str     0x0000183f      0x19f ..\obj\stm32f4xx_gpio.o
                                0x4ad (size before relaxing)
 .debug_str     0x000019de      0x119 ..\obj\system_stm32f4xx.o
                                0x3b4 (size before relaxing)
 .debug_str     0x00001af7      0x15d ..\obj\syscalls.o
                                0x38e (size before relaxing)
 .debug_str     0x00001c54      0x3bb ..\obj\stm32f4xx_i2c.o
                                0x66f (size before relaxing)
 .debug_str     0x0000200f      0x162 ..\obj\misc.o
                                0x3d8 (size before relaxing)
 .debug_str     0x00002171       0x91 ..\obj\my_i2c.o
                                0x498 (size before relaxing)
 .debug_str     0x00002202      0x131 ..\obj\ma3_encoder.o
                                0xbd0 (size before relaxing)
 .debug_str     0x00002333       0xb5 ..\obj\send_buffer.o
                                0x282 (size before relaxing)
 .debug_str     0x000023e8      0xa2d ..\obj\stm32f4xx_tim.o
                                0xdda (size before relaxing)

.comment        0x00000000       0x70
 .comment       0x00000000       0x70 ..\obj\my_tim.o
                                 0x71 (size before relaxing)
 .comment       0x00000000       0x71 ..\obj\MS4525.o
 .comment       0x00000000       0x71 ..\obj\stm32f4xx_usart.o
 .comment       0x00000000       0x71 ..\obj\my_usart.o
 .comment       0x00000000       0x71 ..\obj\startup_stm32f4xx.o
 .comment       0x00000000       0x71 ..\obj\main.o
 .comment       0x00000000       0x71 ..\obj\stm32f4xx_rcc.o
 .comment       0x00000000       0x71 ..\obj\stm32f4xx_gpio.o
 .comment       0x00000000       0x71 ..\obj\system_stm32f4xx.o
 .comment       0x00000000       0x71 ..\obj\syscalls.o
 .comment       0x00000000       0x71 ..\obj\stm32f4xx_i2c.o
 .comment       0x00000000       0x71 ..\obj\misc.o
 .comment       0x00000000       0x71 ..\obj\my_i2c.o
 .comment       0x00000000       0x71 ..\obj\ma3_encoder.o
 .comment       0x00000000       0x71 ..\obj\send_buffer.o
 .comment       0x00000000       0x71 ..\obj\stm32f4xx_tim.o

.ARM.attributes
                0x00000000       0x31
 .ARM.attributes
                0x00000000       0x33 ..\obj\my_tim.o
 .ARM.attributes
                0x00000033       0x33 ..\obj\MS4525.o
 .ARM.attributes
                0x00000066       0x33 ..\obj\stm32f4xx_usart.o
 .ARM.attributes
                0x00000099       0x33 ..\obj\my_usart.o
 .ARM.attributes
                0x000000cc       0x33 ..\obj\startup_stm32f4xx.o
 .ARM.attributes
                0x000000ff       0x33 ..\obj\main.o
 .ARM.attributes
                0x00000132       0x33 ..\obj\stm32f4xx_rcc.o
 .ARM.attributes
                0x00000165       0x33 ..\obj\stm32f4xx_gpio.o
 .ARM.attributes
                0x00000198       0x33 ..\obj\system_stm32f4xx.o
 .ARM.attributes
                0x000001cb       0x33 ..\obj\syscalls.o
 .ARM.attributes
                0x000001fe       0x33 ..\obj\stm32f4xx_i2c.o
 .ARM.attributes
                0x00000231       0x33 ..\obj\misc.o
 .ARM.attributes
                0x00000264       0x33 ..\obj\my_i2c.o
 .ARM.attributes
                0x00000297       0x33 ..\obj\ma3_encoder.o
 .ARM.attributes
                0x000002ca       0x33 ..\obj\send_buffer.o
 .ARM.attributes
                0x000002fd       0x33 ..\obj\stm32f4xx_tim.o
 .ARM.attributes
                0x00000330       0x1e c:/program files (x86)/gnu tools arm embedded/4.8 2014q2/bin/../lib/gcc/arm-none-eabi/4.8.4/armv7e-m\libgcc.a(_arm_addsubdf3.o)
 .ARM.attributes
                0x0000034e       0x1e c:/program files (x86)/gnu tools arm embedded/4.8 2014q2/bin/../lib/gcc/arm-none-eabi/4.8.4/armv7e-m\libgcc.a(_arm_muldivdf3.o)
 .ARM.attributes
                0x0000036c       0x1e c:/program files (x86)/gnu tools arm embedded/4.8 2014q2/bin/../lib/gcc/arm-none-eabi/4.8.4/armv7e-m\libgcc.a(_arm_truncdfsf2.o)
 .ARM.attributes
                0x0000038a       0x1e c:/program files (x86)/gnu tools arm embedded/4.8 2014q2/bin/../lib/gcc/arm-none-eabi/4.8.4/armv7e-m\libgcc.a(_arm_addsubsf3.o)
 .ARM.attributes
                0x000003a8       0x1e c:/program files (x86)/gnu tools arm embedded/4.8 2014q2/bin/../lib/gcc/arm-none-eabi/4.8.4/armv7e-m\libgcc.a(_arm_muldivsf3.o)
 .ARM.attributes
                0x000003c6       0x1e c:/program files (x86)/gnu tools arm embedded/4.8 2014q2/bin/../lib/gcc/arm-none-eabi/4.8.4/armv7e-m\libgcc.a(_arm_fixsfsi.o)
 .ARM.attributes
                0x000003e4       0x2e c:/program files (x86)/gnu tools arm embedded/4.8 2014q2/bin/../lib/gcc/arm-none-eabi/4.8.4/../../../../arm-none-eabi/lib/armv7e-m\libc.a(lib_a-printf.o)
 .ARM.attributes
                0x00000412       0x2e c:/program files (x86)/gnu tools arm embedded/4.8 2014q2/bin/../lib/gcc/arm-none-eabi/4.8.4/../../../../arm-none-eabi/lib/armv7e-m\libc.a(lib_a-putchar.o)
 .ARM.attributes
                0x00000440       0x2e c:/program files (x86)/gnu tools arm embedded/4.8 2014q2/bin/../lib/gcc/arm-none-eabi/4.8.4/../../../../arm-none-eabi/lib/armv7e-m\libc.a(lib_a-puts.o)
 .ARM.attributes
                0x0000046e       0x2e c:/program files (x86)/gnu tools arm embedded/4.8 2014q2/bin/../lib/gcc/arm-none-eabi/4.8.4/../../../../arm-none-eabi/lib/armv7e-m\libc.a(lib_a-strlen.o)
 .ARM.attributes
                0x0000049c       0x2e c:/program files (x86)/gnu tools arm embedded/4.8 2014q2/bin/../lib/gcc/arm-none-eabi/4.8.4/../../../../arm-none-eabi/lib/armv7e-m\libc.a(lib_a-vfprintf.o)
 .ARM.attributes
                0x000004ca       0x2e c:/program files (x86)/gnu tools arm embedded/4.8 2014q2/bin/../lib/gcc/arm-none-eabi/4.8.4/../../../../arm-none-eabi/lib/armv7e-m\libc.a(lib_a-wsetup.o)
 .ARM.attributes
                0x000004f8       0x2e c:/program files (x86)/gnu tools arm embedded/4.8 2014q2/bin/../lib/gcc/arm-none-eabi/4.8.4/../../../../arm-none-eabi/lib/armv7e-m\libc.a(lib_a-dtoa.o)
 .ARM.attributes
                0x00000526       0x2e c:/program files (x86)/gnu tools arm embedded/4.8 2014q2/bin/../lib/gcc/arm-none-eabi/4.8.4/../../../../arm-none-eabi/lib/armv7e-m\libc.a(lib_a-fflush.o)
 .ARM.attributes
                0x00000554       0x2e c:/program files (x86)/gnu tools arm embedded/4.8 2014q2/bin/../lib/gcc/arm-none-eabi/4.8.4/../../../../arm-none-eabi/lib/armv7e-m\libc.a(lib_a-findfp.o)
 .ARM.attributes
                0x00000582       0x2e c:/program files (x86)/gnu tools arm embedded/4.8 2014q2/bin/../lib/gcc/arm-none-eabi/4.8.4/../../../../arm-none-eabi/lib/armv7e-m\libc.a(lib_a-freer.o)
 .ARM.attributes
                0x000005b0       0x2e c:/program files (x86)/gnu tools arm embedded/4.8 2014q2/bin/../lib/gcc/arm-none-eabi/4.8.4/../../../../arm-none-eabi/lib/armv7e-m\libc.a(lib_a-fvwrite.o)
 .ARM.attributes
                0x000005de       0x2e c:/program files (x86)/gnu tools arm embedded/4.8 2014q2/bin/../lib/gcc/arm-none-eabi/4.8.4/../../../../arm-none-eabi/lib/armv7e-m\libc.a(lib_a-fwalk.o)
 .ARM.attributes
                0x0000060c       0x2e c:/program files (x86)/gnu tools arm embedded/4.8 2014q2/bin/../lib/gcc/arm-none-eabi/4.8.4/../../../../arm-none-eabi/lib/armv7e-m\libc.a(lib_a-impure.o)
 .ARM.attributes
                0x0000063a       0x2e c:/program files (x86)/gnu tools arm embedded/4.8 2014q2/bin/../lib/gcc/arm-none-eabi/4.8.4/../../../../arm-none-eabi/lib/armv7e-m\libc.a(lib_a-locale.o)
 .ARM.attributes
                0x00000668       0x2e c:/program files (x86)/gnu tools arm embedded/4.8 2014q2/bin/../lib/gcc/arm-none-eabi/4.8.4/../../../../arm-none-eabi/lib/armv7e-m\libc.a(lib_a-makebuf.o)
 .ARM.attributes
                0x00000696       0x2e c:/program files (x86)/gnu tools arm embedded/4.8 2014q2/bin/../lib/gcc/arm-none-eabi/4.8.4/../../../../arm-none-eabi/lib/armv7e-m\libc.a(lib_a-mallocr.o)
 .ARM.attributes
                0x000006c4       0x2e c:/program files (x86)/gnu tools arm embedded/4.8 2014q2/bin/../lib/gcc/arm-none-eabi/4.8.4/../../../../arm-none-eabi/lib/armv7e-m\libc.a(lib_a-memchr-stub.o)
 .ARM.attributes
                0x000006f2       0x1c c:/program files (x86)/gnu tools arm embedded/4.8 2014q2/bin/../lib/gcc/arm-none-eabi/4.8.4/../../../../arm-none-eabi/lib/armv7e-m\libc.a(lib_a-memcpy.o)
 .ARM.attributes
                0x0000070e       0x2e c:/program files (x86)/gnu tools arm embedded/4.8 2014q2/bin/../lib/gcc/arm-none-eabi/4.8.4/../../../../arm-none-eabi/lib/armv7e-m\libc.a(lib_a-memmove.o)
 .ARM.attributes
                0x0000073c       0x2e c:/program files (x86)/gnu tools arm embedded/4.8 2014q2/bin/../lib/gcc/arm-none-eabi/4.8.4/../../../../arm-none-eabi/lib/armv7e-m\libc.a(lib_a-memset.o)
 .ARM.attributes
                0x0000076a       0x2e c:/program files (x86)/gnu tools arm embedded/4.8 2014q2/bin/../lib/gcc/arm-none-eabi/4.8.4/../../../../arm-none-eabi/lib/armv7e-m\libc.a(lib_a-mlock.o)
 .ARM.attributes
                0x00000798       0x2e c:/program files (x86)/gnu tools arm embedded/4.8 2014q2/bin/../lib/gcc/arm-none-eabi/4.8.4/../../../../arm-none-eabi/lib/armv7e-m\libc.a(lib_a-mprec.o)
 .ARM.attributes
                0x000007c6       0x2e c:/program files (x86)/gnu tools arm embedded/4.8 2014q2/bin/../lib/gcc/arm-none-eabi/4.8.4/../../../../arm-none-eabi/lib/armv7e-m\libc.a(lib_a-putc.o)
 .ARM.attributes
                0x000007f4       0x2e c:/program files (x86)/gnu tools arm embedded/4.8 2014q2/bin/../lib/gcc/arm-none-eabi/4.8.4/../../../../arm-none-eabi/lib/armv7e-m\libc.a(lib_a-reallocr.o)
 .ARM.attributes
                0x00000822       0x2e c:/program files (x86)/gnu tools arm embedded/4.8 2014q2/bin/../lib/gcc/arm-none-eabi/4.8.4/../../../../arm-none-eabi/lib/armv7e-m\libc.a(lib_a-s_fpclassify.o)
 .ARM.attributes
                0x00000850       0x2e c:/program files (x86)/gnu tools arm embedded/4.8 2014q2/bin/../lib/gcc/arm-none-eabi/4.8.4/../../../../arm-none-eabi/lib/armv7e-m\libc.a(lib_a-sbrkr.o)
 .ARM.attributes
                0x0000087e       0x2e c:/program files (x86)/gnu tools arm embedded/4.8 2014q2/bin/../lib/gcc/arm-none-eabi/4.8.4/../../../../arm-none-eabi/lib/armv7e-m\libc.a(lib_a-stdio.o)
 .ARM.attributes
                0x000008ac       0x2e c:/program files (x86)/gnu tools arm embedded/4.8 2014q2/bin/../lib/gcc/arm-none-eabi/4.8.4/../../../../arm-none-eabi/lib/armv7e-m\libc.a(lib_a-vfiprintf.o)
 .ARM.attributes
                0x000008da       0x2e c:/program files (x86)/gnu tools arm embedded/4.8 2014q2/bin/../lib/gcc/arm-none-eabi/4.8.4/../../../../arm-none-eabi/lib/armv7e-m\libc.a(lib_a-wbuf.o)
 .ARM.attributes
                0x00000908       0x2e c:/program files (x86)/gnu tools arm embedded/4.8 2014q2/bin/../lib/gcc/arm-none-eabi/4.8.4/../../../../arm-none-eabi/lib/armv7e-m\libc.a(lib_a-writer.o)
 .ARM.attributes
                0x00000936       0x2e c:/program files (x86)/gnu tools arm embedded/4.8 2014q2/bin/../lib/gcc/arm-none-eabi/4.8.4/../../../../arm-none-eabi/lib/armv7e-m\libc.a(lib_a-callocr.o)
 .ARM.attributes
                0x00000964       0x2e c:/program files (x86)/gnu tools arm embedded/4.8 2014q2/bin/../lib/gcc/arm-none-eabi/4.8.4/../../../../arm-none-eabi/lib/armv7e-m\libc.a(lib_a-closer.o)
 .ARM.attributes
                0x00000992       0x2e c:/program files (x86)/gnu tools arm embedded/4.8 2014q2/bin/../lib/gcc/arm-none-eabi/4.8.4/../../../../arm-none-eabi/lib/armv7e-m\libc.a(lib_a-fclose.o)
 .ARM.attributes
                0x000009c0       0x2e c:/program files (x86)/gnu tools arm embedded/4.8 2014q2/bin/../lib/gcc/arm-none-eabi/4.8.4/../../../../arm-none-eabi/lib/armv7e-m\libc.a(lib_a-fputwc.o)
 .ARM.attributes
                0x000009ee       0x2e c:/program files (x86)/gnu tools arm embedded/4.8 2014q2/bin/../lib/gcc/arm-none-eabi/4.8.4/../../../../arm-none-eabi/lib/armv7e-m\libc.a(lib_a-fstatr.o)
 .ARM.attributes
                0x00000a1c       0x2e c:/program files (x86)/gnu tools arm embedded/4.8 2014q2/bin/../lib/gcc/arm-none-eabi/4.8.4/../../../../arm-none-eabi/lib/armv7e-m\libc.a(lib_a-isattyr.o)
 .ARM.attributes
                0x00000a4a       0x2e c:/program files (x86)/gnu tools arm embedded/4.8 2014q2/bin/../lib/gcc/arm-none-eabi/4.8.4/../../../../arm-none-eabi/lib/armv7e-m\libc.a(lib_a-lseekr.o)
 .ARM.attributes
                0x00000a78       0x2e c:/program files (x86)/gnu tools arm embedded/4.8 2014q2/bin/../lib/gcc/arm-none-eabi/4.8.4/../../../../arm-none-eabi/lib/armv7e-m\libc.a(lib_a-readr.o)
 .ARM.attributes
                0x00000aa6       0x2e c:/program files (x86)/gnu tools arm embedded/4.8 2014q2/bin/../lib/gcc/arm-none-eabi/4.8.4/../../../../arm-none-eabi/lib/armv7e-m\libc.a(lib_a-reent.o)
 .ARM.attributes
                0x00000ad4       0x2e c:/program files (x86)/gnu tools arm embedded/4.8 2014q2/bin/../lib/gcc/arm-none-eabi/4.8.4/../../../../arm-none-eabi/lib/armv7e-m\libc.a(lib_a-wcrtomb.o)
 .ARM.attributes
                0x00000b02       0x2e c:/program files (x86)/gnu tools arm embedded/4.8 2014q2/bin/../lib/gcc/arm-none-eabi/4.8.4/../../../../arm-none-eabi/lib/armv7e-m\libc.a(lib_a-wctomb_r.o)
 .ARM.attributes
                0x00000b30       0x1e c:/program files (x86)/gnu tools arm embedded/4.8 2014q2/bin/../lib/gcc/arm-none-eabi/4.8.4/armv7e-m\libgcc.a(_arm_cmpdf2.o)
 .ARM.attributes
                0x00000b4e       0x1e c:/program files (x86)/gnu tools arm embedded/4.8 2014q2/bin/../lib/gcc/arm-none-eabi/4.8.4/armv7e-m\libgcc.a(_arm_fixdfsi.o)
 .ARM.attributes
                0x00000b6c       0x1e c:/program files (x86)/gnu tools arm embedded/4.8 2014q2/bin/../lib/gcc/arm-none-eabi/4.8.4/armv7e-m\libgcc.a(_aeabi_uldivmod.o)
 .ARM.attributes
                0x00000b8a       0x2e c:/program files (x86)/gnu tools arm embedded/4.8 2014q2/bin/../lib/gcc/arm-none-eabi/4.8.4/armv7e-m\libgcc.a(bpabi.o)
 .ARM.attributes
                0x00000bb8       0x1e c:/program files (x86)/gnu tools arm embedded/4.8 2014q2/bin/../lib/gcc/arm-none-eabi/4.8.4/armv7e-m\libgcc.a(_dvmd_tls.o)
 .ARM.attributes
                0x00000bd6       0x2e c:/program files (x86)/gnu tools arm embedded/4.8 2014q2/bin/../lib/gcc/arm-none-eabi/4.8.4/armv7e-m\libgcc.a(_divdi3.o)
 .ARM.attributes
                0x00000c04       0x2e c:/program files (x86)/gnu tools arm embedded/4.8 2014q2/bin/../lib/gcc/arm-none-eabi/4.8.4/armv7e-m\libgcc.a(_udivdi3.o)

.debug_frame    0x00000000     0x2bd0
 .debug_frame   0x00000000       0x70 ..\obj\my_tim.o
 .debug_frame   0x00000070       0x4c ..\obj\MS4525.o
 .debug_frame   0x000000bc      0x344 ..\obj\stm32f4xx_usart.o
 .debug_frame   0x00000400       0xb0 ..\obj\my_usart.o
 .debug_frame   0x000004b0       0x48 ..\obj\startup_stm32f4xx.o
 .debug_frame   0x000004f8       0x2c ..\obj\main.o
 .debug_frame   0x00000524      0x4d8 ..\obj\stm32f4xx_rcc.o
 .debug_frame   0x000009fc      0x19c ..\obj\stm32f4xx_gpio.o
 .debug_frame   0x00000b98       0x64 ..\obj\system_stm32f4xx.o
 .debug_frame   0x00000bfc      0x10c ..\obj\syscalls.o
 .debug_frame   0x00000d08      0x3b4 ..\obj\stm32f4xx_i2c.o
 .debug_frame   0x000010bc       0x9c ..\obj\misc.o
 .debug_frame   0x00001158       0xd0 ..\obj\my_i2c.o
 .debug_frame   0x00001228       0xe4 ..\obj\ma3_encoder.o
 .debug_frame   0x0000130c       0xc8 ..\obj\send_buffer.o
 .debug_frame   0x000013d4      0xa3c ..\obj\stm32f4xx_tim.o
 .debug_frame   0x00001e10       0x58 c:/program files (x86)/gnu tools arm embedded/4.8 2014q2/bin/../lib/gcc/arm-none-eabi/4.8.4/../../../../arm-none-eabi/lib/armv7e-m\libc.a(lib_a-printf.o)
 .debug_frame   0x00001e68       0x30 c:/program files (x86)/gnu tools arm embedded/4.8 2014q2/bin/../lib/gcc/arm-none-eabi/4.8.4/../../../../arm-none-eabi/lib/armv7e-m\libc.a(lib_a-putchar.o)
 .debug_frame   0x00001e98       0x40 c:/program files (x86)/gnu tools arm embedded/4.8 2014q2/bin/../lib/gcc/arm-none-eabi/4.8.4/../../../../arm-none-eabi/lib/armv7e-m\libc.a(lib_a-puts.o)
 .debug_frame   0x00001ed8       0x20 c:/program files (x86)/gnu tools arm embedded/4.8 2014q2/bin/../lib/gcc/arm-none-eabi/4.8.4/../../../../arm-none-eabi/lib/armv7e-m\libc.a(lib_a-strlen.o)
 .debug_frame   0x00001ef8       0x7c c:/program files (x86)/gnu tools arm embedded/4.8 2014q2/bin/../lib/gcc/arm-none-eabi/4.8.4/../../../../arm-none-eabi/lib/armv7e-m\libc.a(lib_a-vfprintf.o)
 .debug_frame   0x00001f74       0x2c c:/program files (x86)/gnu tools arm embedded/4.8 2014q2/bin/../lib/gcc/arm-none-eabi/4.8.4/../../../../arm-none-eabi/lib/armv7e-m\libc.a(lib_a-wsetup.o)
 .debug_frame   0x00001fa0       0x64 c:/program files (x86)/gnu tools arm embedded/4.8 2014q2/bin/../lib/gcc/arm-none-eabi/4.8.4/../../../../arm-none-eabi/lib/armv7e-m\libc.a(lib_a-dtoa.o)
 .debug_frame   0x00002004       0x5c c:/program files (x86)/gnu tools arm embedded/4.8 2014q2/bin/../lib/gcc/arm-none-eabi/4.8.4/../../../../arm-none-eabi/lib/armv7e-m\libc.a(lib_a-fflush.o)
 .debug_frame   0x00002060      0x110 c:/program files (x86)/gnu tools arm embedded/4.8 2014q2/bin/../lib/gcc/arm-none-eabi/4.8.4/../../../../arm-none-eabi/lib/armv7e-m\libc.a(lib_a-findfp.o)
 .debug_frame   0x00002170       0x50 c:/program files (x86)/gnu tools arm embedded/4.8 2014q2/bin/../lib/gcc/arm-none-eabi/4.8.4/../../../../arm-none-eabi/lib/armv7e-m\libc.a(lib_a-freer.o)
 .debug_frame   0x000021c0       0x38 c:/program files (x86)/gnu tools arm embedded/4.8 2014q2/bin/../lib/gcc/arm-none-eabi/4.8.4/../../../../arm-none-eabi/lib/armv7e-m\libc.a(lib_a-fvwrite.o)
 .debug_frame   0x000021f8       0x54 c:/program files (x86)/gnu tools arm embedded/4.8 2014q2/bin/../lib/gcc/arm-none-eabi/4.8.4/../../../../arm-none-eabi/lib/armv7e-m\libc.a(lib_a-fwalk.o)
 .debug_frame   0x0000224c       0x98 c:/program files (x86)/gnu tools arm embedded/4.8 2014q2/bin/../lib/gcc/arm-none-eabi/4.8.4/../../../../arm-none-eabi/lib/armv7e-m\libc.a(lib_a-locale.o)
 .debug_frame   0x000022e4       0x30 c:/program files (x86)/gnu tools arm embedded/4.8 2014q2/bin/../lib/gcc/arm-none-eabi/4.8.4/../../../../arm-none-eabi/lib/armv7e-m\libc.a(lib_a-makebuf.o)
 .debug_frame   0x00002314       0x38 c:/program files (x86)/gnu tools arm embedded/4.8 2014q2/bin/../lib/gcc/arm-none-eabi/4.8.4/../../../../arm-none-eabi/lib/armv7e-m\libc.a(lib_a-mallocr.o)
 .debug_frame   0x0000234c       0x2c c:/program files (x86)/gnu tools arm embedded/4.8 2014q2/bin/../lib/gcc/arm-none-eabi/4.8.4/../../../../arm-none-eabi/lib/armv7e-m\libc.a(lib_a-memchr-stub.o)
 .debug_frame   0x00002378       0x2c c:/program files (x86)/gnu tools arm embedded/4.8 2014q2/bin/../lib/gcc/arm-none-eabi/4.8.4/../../../../arm-none-eabi/lib/armv7e-m\libc.a(lib_a-memmove.o)
 .debug_frame   0x000023a4       0x2c c:/program files (x86)/gnu tools arm embedded/4.8 2014q2/bin/../lib/gcc/arm-none-eabi/4.8.4/../../../../arm-none-eabi/lib/armv7e-m\libc.a(lib_a-memset.o)
 .debug_frame   0x000023d0       0x30 c:/program files (x86)/gnu tools arm embedded/4.8 2014q2/bin/../lib/gcc/arm-none-eabi/4.8.4/../../../../arm-none-eabi/lib/armv7e-m\libc.a(lib_a-mlock.o)
 .debug_frame   0x00002400      0x22c c:/program files (x86)/gnu tools arm embedded/4.8 2014q2/bin/../lib/gcc/arm-none-eabi/4.8.4/../../../../arm-none-eabi/lib/armv7e-m\libc.a(lib_a-mprec.o)
 .debug_frame   0x0000262c       0x48 c:/program files (x86)/gnu tools arm embedded/4.8 2014q2/bin/../lib/gcc/arm-none-eabi/4.8.4/../../../../arm-none-eabi/lib/armv7e-m\libc.a(lib_a-putc.o)
 .debug_frame   0x00002674       0x38 c:/program files (x86)/gnu tools arm embedded/4.8 2014q2/bin/../lib/gcc/arm-none-eabi/4.8.4/../../../../arm-none-eabi/lib/armv7e-m\libc.a(lib_a-reallocr.o)
 .debug_frame   0x000026ac       0x28 c:/program files (x86)/gnu tools arm embedded/4.8 2014q2/bin/../lib/gcc/arm-none-eabi/4.8.4/../../../../arm-none-eabi/lib/armv7e-m\libc.a(lib_a-s_fpclassify.o)
 .debug_frame   0x000026d4       0x2c c:/program files (x86)/gnu tools arm embedded/4.8 2014q2/bin/../lib/gcc/arm-none-eabi/4.8.4/../../../../arm-none-eabi/lib/armv7e-m\libc.a(lib_a-sbrkr.o)
 .debug_frame   0x00002700       0x80 c:/program files (x86)/gnu tools arm embedded/4.8 2014q2/bin/../lib/gcc/arm-none-eabi/4.8.4/../../../../arm-none-eabi/lib/armv7e-m\libc.a(lib_a-stdio.o)
 .debug_frame   0x00002780       0xb8 c:/program files (x86)/gnu tools arm embedded/4.8 2014q2/bin/../lib/gcc/arm-none-eabi/4.8.4/../../../../arm-none-eabi/lib/armv7e-m\libc.a(lib_a-vfiprintf.o)
 .debug_frame   0x00002838       0x40 c:/program files (x86)/gnu tools arm embedded/4.8 2014q2/bin/../lib/gcc/arm-none-eabi/4.8.4/../../../../arm-none-eabi/lib/armv7e-m\libc.a(lib_a-wbuf.o)
 .debug_frame   0x00002878       0x2c c:/program files (x86)/gnu tools arm embedded/4.8 2014q2/bin/../lib/gcc/arm-none-eabi/4.8.4/../../../../arm-none-eabi/lib/armv7e-m\libc.a(lib_a-writer.o)
 .debug_frame   0x000028a4       0x28 c:/program files (x86)/gnu tools arm embedded/4.8 2014q2/bin/../lib/gcc/arm-none-eabi/4.8.4/../../../../arm-none-eabi/lib/armv7e-m\libc.a(lib_a-callocr.o)
 .debug_frame   0x000028cc       0x2c c:/program files (x86)/gnu tools arm embedded/4.8 2014q2/bin/../lib/gcc/arm-none-eabi/4.8.4/../../../../arm-none-eabi/lib/armv7e-m\libc.a(lib_a-closer.o)
 .debug_frame   0x000028f8       0x3c c:/program files (x86)/gnu tools arm embedded/4.8 2014q2/bin/../lib/gcc/arm-none-eabi/4.8.4/../../../../arm-none-eabi/lib/armv7e-m\libc.a(lib_a-fclose.o)
 .debug_frame   0x00002934       0x50 c:/program files (x86)/gnu tools arm embedded/4.8 2014q2/bin/../lib/gcc/arm-none-eabi/4.8.4/../../../../arm-none-eabi/lib/armv7e-m\libc.a(lib_a-fputwc.o)
 .debug_frame   0x00002984       0x2c c:/program files (x86)/gnu tools arm embedded/4.8 2014q2/bin/../lib/gcc/arm-none-eabi/4.8.4/../../../../arm-none-eabi/lib/armv7e-m\libc.a(lib_a-fstatr.o)
 .debug_frame   0x000029b0       0x2c c:/program files (x86)/gnu tools arm embedded/4.8 2014q2/bin/../lib/gcc/arm-none-eabi/4.8.4/../../../../arm-none-eabi/lib/armv7e-m\libc.a(lib_a-isattyr.o)
 .debug_frame   0x000029dc       0x2c c:/program files (x86)/gnu tools arm embedded/4.8 2014q2/bin/../lib/gcc/arm-none-eabi/4.8.4/../../../../arm-none-eabi/lib/armv7e-m\libc.a(lib_a-lseekr.o)
 .debug_frame   0x00002a08       0x2c c:/program files (x86)/gnu tools arm embedded/4.8 2014q2/bin/../lib/gcc/arm-none-eabi/4.8.4/../../../../arm-none-eabi/lib/armv7e-m\libc.a(lib_a-readr.o)
 .debug_frame   0x00002a34       0x48 c:/program files (x86)/gnu tools arm embedded/4.8 2014q2/bin/../lib/gcc/arm-none-eabi/4.8.4/../../../../arm-none-eabi/lib/armv7e-m\libc.a(lib_a-reent.o)
 .debug_frame   0x00002a7c       0x58 c:/program files (x86)/gnu tools arm embedded/4.8 2014q2/bin/../lib/gcc/arm-none-eabi/4.8.4/../../../../arm-none-eabi/lib/armv7e-m\libc.a(lib_a-wcrtomb.o)
 .debug_frame   0x00002ad4       0x44 c:/program files (x86)/gnu tools arm embedded/4.8 2014q2/bin/../lib/gcc/arm-none-eabi/4.8.4/../../../../arm-none-eabi/lib/armv7e-m\libc.a(lib_a-wctomb_r.o)
 .debug_frame   0x00002b18       0x50 c:/program files (x86)/gnu tools arm embedded/4.8 2014q2/bin/../lib/gcc/arm-none-eabi/4.8.4/armv7e-m\libgcc.a(bpabi.o)
 .debug_frame   0x00002b68       0x34 c:/program files (x86)/gnu tools arm embedded/4.8 2014q2/bin/../lib/gcc/arm-none-eabi/4.8.4/armv7e-m\libgcc.a(_divdi3.o)
 .debug_frame   0x00002b9c       0x34 c:/program files (x86)/gnu tools arm embedded/4.8 2014q2/bin/../lib/gcc/arm-none-eabi/4.8.4/armv7e-m\libgcc.a(_udivdi3.o)
